<html>
<body>
<pre>
<h1>µVision Build Log</h1>
<h2>Tool Versions:</h2>
IDE-Version: ¦ÌVision V5.29.0.0
Copyright (C) 2019 ARM Ltd and ARM Germany GmbH. All rights reserved.
License Information: ZHANG Harry, SYNOXO, LIC=8VRJ7-ES78W-JJA6S-LQ3E2-RX7R6-4KUQW
 
Tool Versions:
Toolchain:       MDK-ARM Plus  Version: 5.29.0.0
Toolchain Path:  D:\Keil_v5\ARM\ARMCLANG\Bin
C Compiler:      ArmClang.exe V6.13.1
Assembler:       Armasm.exe V6.13.1
Linker/Locator:  ArmLink.exe V6.13.1
Library Manager: ArmAr.exe V6.13.1
Hex Converter:   FromElf.exe V6.13.1
CPU DLL:         SARMCM3.DLL V5.29.0.0
Dialog DLL:      DCM.DLL V1.17.3.0
Target DLL:      Segger\JL2CM3.dll V2.99.36.0
Dialog DLL:      TCM.DLL V1.36.5.0
 
<h2>Project:</h2>
E:\STM32Project\NewProject\STM32F407\STM32F407ZGT6\STM32F407ZGT6Project\MDKARM\STM32F407ZGT6Project.uvprojx
Project File Date:  03/05/2020

<h2>Output:</h2>
*** Using Compiler 'V6.13.1', folder: 'D:\Keil_v5\ARM\ARMCLANG\Bin'
Build target 'STM32F407ZGT6Project'
compiling log_cfg.c...
linking...
Program Size: Code=40724 RO-data=580 RW-data=76 ZI-data=16756  
FromELF: creating hex file...
After Build - User command #1: D:\Keil_v5\\ARM\ARMCC\bin\fromelf.exe --bin --output=STM32F407ZGT6Project.bin STM32F407ZGT6Project\STM32F407ZGT6Project.axf
"STM32F407ZGT6Project\STM32F407ZGT6Project.axf" - 0 Error(s), 0 Warning(s).

<h2>Software Packages used:</h2>

Package Vendor: ARM
                http://www.keil.com/pack/ARM.CMSIS.5.6.0.pack
                ARM.CMSIS.5.6.0
                CMSIS (Cortex Microcontroller Software Interface Standard)
   * Component: CORE Version: 5.3.0

Package Vendor: Keil
                http://www.keil.com/pack/Keil.STM32F4xx_DFP.2.14.0.pack
                Keil.STM32F4xx_DFP.2.14.0
                STMicroelectronics STM32F4 Series Device Support, Drivers and Examples

<h2>Collection of Component include folders:</h2>
  .\RTE\_STM32F407ZGT6Project
  D:\Keil_v5\Arm\Packs\ARM\CMSIS\5.6.0\CMSIS\Core\Include
  D:\Keil_v5\Arm\Packs\Keil\STM32F4xx_DFP\2.14.0\Drivers\CMSIS\Device\ST\STM32F4xx\Include

<h2>Collection of Component Files used:</h2>

   * Component: ARM::CMSIS:CORE:5.3.0
Build Time Elapsed:  00:00:08
</pre>
</body>
</html>
