<html>
<body>
<pre>
<h1>礦ision Build Log</h1>
<h2>Tool Versions:</h2>
IDE-Version: μVision V5.29.0.0
Copyright (C) 2019 ARM Ltd and ARM Germany GmbH. All rights reserved.
License Information: ZHANG Harry, SYNOXO, LIC=8VRJ7-ES78W-JJA6S-LQ3E2-RX7R6-4KUQW
 
Tool Versions:
Toolchain:       MDK-ARM Plus  Version: 5.29.0.0
Toolchain Path:  D:\Keil_v5\ARM\ARMCLANG\Bin
C Compiler:      ArmClang.exe V6.13.1
Assembler:       Armasm.exe V6.13.1
Linker/Locator:  ArmLink.exe V6.13.1
Library Manager: ArmAr.exe V6.13.1
Hex Converter:   FromElf.exe V6.13.1
CPU DLL:         SARMCM3.DLL V5.29.0.0
Dialog DLL:      DCM.DLL V1.17.3.0
Target DLL:      Segger\JL2CM3.dll V2.99.36.0
Dialog DLL:      TCM.DLL V1.36.5.0
 
<h2>Project:</h2>
E:\STM32Project\NewProject\STM32F407\STM32F407ZGT6\STM32F407ZGT6Project\MDKARM\STM32F407ZGT6Project.uvprojx
Project File Date:  03/03/2020

<h2>Output:</h2>
*** Using Compiler 'V6.13.1', folder: 'D:\Keil_v5\ARM\ARMCLANG\Bin'
Build target 'STM32F407ZGT6Project'
compiling ad5593_task.c...
compiling complier_lib.c...
compiling stm32_cfg.c...
compiling ad5593_cfg.c...
compiling ad5593_lib.c...
compiling adc_cfg.c...
compiling complier_cfg.c...
compiling stm32f4xx_it.c...
compiling adc_lib.c...
compiling ads868x_task.c...
compiling ads1256_cfg.c...
compiling ads1256_lib.c...
compiling adc_task.c...
compiling ads868x_lib.c...
compiling ads1256_task.c...
compiling ads868x_cfg.c...
compiling ads869x_cfg.c...
compiling ads869x_lib.c...
compiling at24cxx_task.c...
compiling bkp_cfg.c...
compiling bkp_lib.c...
compiling at24cxx_lib.c...
compiling at24cxx_cfg.c...
compiling main.c...
compiling bkp_task.c...
compiling crc_task.c...
compiling crc_cfg.c...
compiling crc_lib.c...
compiling css_lib.c...
compiling css_cfg.c...
compiling css_task.c...
compiling dac_cfg.c...
compiling dac_lib.c...
compiling dac_task.c...
compiling decode_lib.c...
compiling decode_task.c...
compiling delay_cfg.c...
compiling delay_lib.c...
compiling delay_task.c...
compiling decode_cfg.c...
compiling dht11_cfg.c...
compiling dht11_lib.c...
compiling dht11_task.c...
compiling ds1302_lib.c...
compiling ds1302_cfg.c...
compiling ds18b20_lib.c...
compiling ds18b20_cfg.c...
compiling ds1302_task.c...
compiling eeprom_cfg.c...
compiling ds18b20_task.c...
compiling eeprom_task.c...
compiling eeprom_lib.c...
compiling enc28j60_task.c...
compiling enc28j60_cfg.c...
compiling flash_cfg.c...
compiling enc28j60_lib.c...
compiling flash_lib.c...
compiling flash_task.c...
compiling gpio_lib.c...
compiling gpio_cfg.c...
compiling gpio_task.c...
compiling hmc830_lib.c...
compiling i2c_cfg.c...
compiling i2c_lib.c...
compiling iap_cfg.c...
compiling i2c_task.c...
compiling iap_task.c...
compiling iap_lib.c...
compiling isp_cfg.c...
compiling isp_lib.c...
compiling iwdg_cfg.c...
compiling iwdg_lib.c...
compiling isp_task.c...
compiling iwdg_task.c...
compiling kalman_filter.c...
compiling key_cfg.c...
compiling lcd1602_cfg.c...
compiling lcd1602_lib.c...
compiling key_lib.c...
compiling key_task.c...
compiling lcd1602_task.c...
compiling led_cfg.c...
compiling led_lib.c...
compiling led_task.c...
compiling my_malloc.c...
compiling nrf2401_cfg.c...
compiling nrf2401_lib.c...
compiling nrf2401_task.c...
compiling oled_lib.c...
compiling oled_cfg.c...
compiling one_wire_cfg.c...
compiling oled_task.c...
compiling one_wire_task.c...
compiling one_wire_lib.c...
compiling pcf8563_cfg.c...
compiling pcf8563_lib.c...
compiling pid_cfg.c...
compiling pid_lib.c...
compiling pid_task.c...
compiling pcf8563_task.c...
compiling power_cfg.c...
compiling power_lib.c...
compiling power_task.c...
compiling random_lib.c...
compiling pvd_cfg.c...
compiling pvd_task.c...
compiling random_cfg.c...
compiling pvd_lib.c...
compiling random_task.c...
compiling rfask_cfg.c...
compiling rfask_lib.c...
compiling rtc_lib.c...
compiling rtc_task.c...
compiling rfask_task.c...
compiling rtc_cfg.c...
compiling rfask_eeprom.c...
compiling sht2x_cfg.c...
compiling sht2x_lib.c...
compiling sht2x_task.c...
compiling systick_cfg.c...
compiling spi_lib.c...
compiling spi_cfg.c...
compiling spi_task.c...
compiling systick_lib.c...
compiling systick_task.c...
compiling timer_cfg.c...
compiling timer_lib.c...
compiling timer_task.c...
compiling uart_lib.c...
compiling uart_task.c...
../Application/UART/uart_cfg.c(539): warning: illegal character encoding in string literal [-Winvalid-source-encoding]
        UART_Printf(UARTx, "===>><B4><AE><BF><DA>1<B3><F5>始<BB><AF><CD><EA><B3><C9><<===\r\n");
                                 ^~~~~~~~~~~~~~~~ ~~~~~~~~ ~~~~~~~~~~~~~~~~~~~~~~~~
1 warning generated.
compiling uart_cfg.c...
compiling w25qxx_cfg.c...
compiling w25qxx_lib.c...
compiling w25qxx_task.c...
compiling wm8510_cfg.c...
compiling wm8510_lib.c...
compiling wm8510_task.c...
compiling wwdg_cfg.c...
compiling wwdg_task.c...
compiling wwdg_lib.c...
compiling encode_cfg.c...
compiling encode_lib.c...
compiling encode_task.c...
compiling max961x_cfg.c...
compiling max961x_task.c...
compiling max961x_lib.c...
compiling hmc5883_lib.c...
compiling hmc5883_cfg.c...
compiling hmc5883_task.c...
compiling ina226_cfg.c...
compiling ina226_lib.c...
compiling ina226_task.c...
compiling si5351a_lib.c...
compiling si5351a_cfg.c...
compiling si5351a_task.c...
compiling task_manage.c...
compiling jtag_lib.c...
compiling jtag_task.c...
compiling jtag_cfg.c...
compiling hvpp_cfg.c...
compiling aht10_cfg.c...
compiling aht10_task.c...
compiling aht10_lib.c...
compiling hmc472_lib.c...
compiling hmc472_cfg.c...
compiling exti_cfg.c...
compiling hmc472_task.c...
compiling exti_lib.c...
compiling exti_task.c...
compiling mco_cfg.c...
compiling hw_cfg.c...
compiling usb_cfg.c...
compiling data_bus.c...
../Application/ESP8266/esp8266_cfg.c(451): warning: illegal character encoding in string literal [-Winvalid-source-encoding]
        ESP8266_LOG("%s%s\r\n", "Info:", "<C8><ED><BC><FE><B8><B4>位<C3><FC><C1><EE><CF><EC>应<D5><FD>确<A3><A1>");
                                          ^~~~~~~~~~~~~~~~~~~~~~~~ ~~~~~~~~~~~~~~~~~~~~~~~~ ~~~~~~~~ ~~~~~~~~
../Application/ESP8266/esp8266_cfg.h(144): note: expanded from macro 'ESP8266_LOG'
        #define ESP8266_LOG(fmt, ...)                                   ESP8266_UART_LOG(ESP8266_LOG_UART,fmt,##__VA_ARGS__)
                                                                                                                ^~~~~~~~~~~
../Application/ESP8266/esp8266_cfg.c(464): warning: illegal character encoding in string literal [-Winvalid-source-encoding]
        ESP8266_LOG("%s%s\r\n", "Info:", "<C8><ED><BC><FE><B8><B4>位<C3><FC><C1><EE><CF><EC>应<B4><ED><CE><F3><A3><A1>");
                                          ^~~~~~~~~~~~~~~~~~~~~~~~ ~~~~~~~~~~~~~~~~~~~~~~~~ ~~~~~~~~~~~~~~~~~~~~~~~~
../Application/ESP8266/esp8266_cfg.h(144): note: expanded from macro 'ESP8266_LOG'
        #define ESP8266_LOG(fmt, ...)                                   ESP8266_UART_LOG(ESP8266_LOG_UART,fmt,##__VA_ARGS__)
                                                                                                                ^~~~~~~~~~~
../Application/ESP8266/esp8266_cfg.c(477): warning: illegal character encoding in string literal [-Winvalid-source-encoding]
        ESP8266_LOG("%s%s\r\n", "Info:", "<C8><ED><BC><FE><B8><B4>位<C3><FC><C1><EE><CF><EC>应<B3><AC>时<A3><A1>");
                                          ^~~~~~~~~~~~~~~~~~~~~~~~ ~~~~~~~~~~~~~~~~~~~~~~~~ ~~~~~~~~ ~~~~~~~~
../Application/ESP8266/esp8266_cfg.h(144): note: expanded from macro 'ESP8266_LOG'
        #define ESP8266_LOG(fmt, ...)                                   ESP8266_UART_LOG(ESP8266_LOG_UART,fmt,##__VA_ARGS__)
                                                                                                                ^~~~~~~~~~~
3 warnings generated.
compiling esp8266_cfg.c...
compiling aes_cfg.c...
compiling aes_lib.c...
compiling aes_task.c...
compiling mpu6050_lib.c...
compiling mpu6050_task.c...
compiling mpu6050_cfg.c...
compiling bmp180_cfg.c...
compiling ntc_task.c...
compiling ntc_lib.c...
compiling ntc_cfg.c...
compiling dma_cfg.c...
compiling dma_lib.c...
compiling dma_task.c...
compiling lms_filter.c...
compiling log_cfg.c...
linking...
Program Size: Code=40724 RO-data=580 RW-data=76 ZI-data=16756  
FromELF: creating hex file...
After Build - User command #1: D:\Keil_v5\\ARM\ARMCC\bin\fromelf.exe --bin --output=STM32F407ZGT6Project.bin STM32F407ZGT6Project\STM32F407ZGT6Project.axf
"STM32F407ZGT6Project\STM32F407ZGT6Project.axf" - 0 Error(s), 4 Warning(s).

<h2>Software Packages used:</h2>

Package Vendor: ARM
                http://www.keil.com/pack/ARM.CMSIS.5.6.0.pack
                ARM.CMSIS.5.6.0
                CMSIS (Cortex Microcontroller Software Interface Standard)
   * Component: CORE Version: 5.3.0

Package Vendor: Keil
                http://www.keil.com/pack/Keil.STM32F4xx_DFP.2.14.0.pack
                Keil.STM32F4xx_DFP.2.14.0
                STMicroelectronics STM32F4 Series Device Support, Drivers and Examples

<h2>Collection of Component include folders:</h2>
  .\RTE\_STM32F407ZGT6Project
  D:\Keil_v5\Arm\Packs\ARM\CMSIS\5.6.0\CMSIS\Core\Include
  D:\Keil_v5\Arm\Packs\Keil\STM32F4xx_DFP\2.14.0\Drivers\CMSIS\Device\ST\STM32F4xx\Include

<h2>Collection of Component Files used:</h2>

   * Component: ARM::CMSIS:CORE:5.3.0
Build Time Elapsed:  00:01:01
</pre>
</body>
</html>
