###############################################################################
#
# IAR ELF Linker V8.40.1.212/W32 for ARM                  27/Oct/2019  13:03:25
# Copyright 2007-2019 IAR Systems AB.
#
#    Output file  =
#        I:\STM32_MCU\STM32F407\STM32F407ZGT6\STM32F407ZGT6Project\EWARM\STM32F407ZGT6Project\Exe\STM32F407ZET6Project.out
#    Map file     =
#        I:\STM32_MCU\STM32F407\STM32F407ZGT6\STM32F407ZGT6Project\EWARM\STM32F407ZGT6Project\List\STM32F407ZET6Project.map
#    Command line =
#        -f C:\Users\Admin\AppData\Local\Temp\EW4C52.tmp
#        (I:\STM32_MCU\STM32F407\STM32F407ZGT6\STM32F407ZGT6Project\EWARM\STM32F407ZGT6Project\Obj\ad5593_cfg.o
#        I:\STM32_MCU\STM32F407\STM32F407ZGT6\STM32F407ZGT6Project\EWARM\STM32F407ZGT6Project\Obj\ad5593_lib.o
#        I:\STM32_MCU\STM32F407\STM32F407ZGT6\STM32F407ZGT6Project\EWARM\STM32F407ZGT6Project\Obj\ad5593_task.o
#        I:\STM32_MCU\STM32F407\STM32F407ZGT6\STM32F407ZGT6Project\EWARM\STM32F407ZGT6Project\Obj\adc_cfg.o
#        I:\STM32_MCU\STM32F407\STM32F407ZGT6\STM32F407ZGT6Project\EWARM\STM32F407ZGT6Project\Obj\adc_lib.o
#        I:\STM32_MCU\STM32F407\STM32F407ZGT6\STM32F407ZGT6Project\EWARM\STM32F407ZGT6Project\Obj\adc_task.o
#        I:\STM32_MCU\STM32F407\STM32F407ZGT6\STM32F407ZGT6Project\EWARM\STM32F407ZGT6Project\Obj\ads1256_cfg.o
#        I:\STM32_MCU\STM32F407\STM32F407ZGT6\STM32F407ZGT6Project\EWARM\STM32F407ZGT6Project\Obj\ads1256_lib.o
#        I:\STM32_MCU\STM32F407\STM32F407ZGT6\STM32F407ZGT6Project\EWARM\STM32F407ZGT6Project\Obj\ads1256_task.o
#        I:\STM32_MCU\STM32F407\STM32F407ZGT6\STM32F407ZGT6Project\EWARM\STM32F407ZGT6Project\Obj\ads868x_cfg.o
#        I:\STM32_MCU\STM32F407\STM32F407ZGT6\STM32F407ZGT6Project\EWARM\STM32F407ZGT6Project\Obj\ads868x_lib.o
#        I:\STM32_MCU\STM32F407\STM32F407ZGT6\STM32F407ZGT6Project\EWARM\STM32F407ZGT6Project\Obj\ads868x_task.o
#        I:\STM32_MCU\STM32F407\STM32F407ZGT6\STM32F407ZGT6Project\EWARM\STM32F407ZGT6Project\Obj\ads869x_cfg.o
#        I:\STM32_MCU\STM32F407\STM32F407ZGT6\STM32F407ZGT6Project\EWARM\STM32F407ZGT6Project\Obj\ads869x_lib.o
#        I:\STM32_MCU\STM32F407\STM32F407ZGT6\STM32F407ZGT6Project\EWARM\STM32F407ZGT6Project\Obj\ads869x_task.o
#        I:\STM32_MCU\STM32F407\STM32F407ZGT6\STM32F407ZGT6Project\EWARM\STM32F407ZGT6Project\Obj\at24cxx_cfg.o
#        I:\STM32_MCU\STM32F407\STM32F407ZGT6\STM32F407ZGT6Project\EWARM\STM32F407ZGT6Project\Obj\at24cxx_lib.o
#        I:\STM32_MCU\STM32F407\STM32F407ZGT6\STM32F407ZGT6Project\EWARM\STM32F407ZGT6Project\Obj\at24cxx_task.o
#        I:\STM32_MCU\STM32F407\STM32F407ZGT6\STM32F407ZGT6Project\EWARM\STM32F407ZGT6Project\Obj\bkp_cfg.o
#        I:\STM32_MCU\STM32F407\STM32F407ZGT6\STM32F407ZGT6Project\EWARM\STM32F407ZGT6Project\Obj\bkp_lib.o
#        I:\STM32_MCU\STM32F407\STM32F407ZGT6\STM32F407ZGT6Project\EWARM\STM32F407ZGT6Project\Obj\bkp_task.o
#        I:\STM32_MCU\STM32F407\STM32F407ZGT6\STM32F407ZGT6Project\EWARM\STM32F407ZGT6Project\Obj\complier_cfg.o
#        I:\STM32_MCU\STM32F407\STM32F407ZGT6\STM32F407ZGT6Project\EWARM\STM32F407ZGT6Project\Obj\complier_lib.o
#        I:\STM32_MCU\STM32F407\STM32F407ZGT6\STM32F407ZGT6Project\EWARM\STM32F407ZGT6Project\Obj\crc_cfg.o
#        I:\STM32_MCU\STM32F407\STM32F407ZGT6\STM32F407ZGT6Project\EWARM\STM32F407ZGT6Project\Obj\crc_lib.o
#        I:\STM32_MCU\STM32F407\STM32F407ZGT6\STM32F407ZGT6Project\EWARM\STM32F407ZGT6Project\Obj\crc_task.o
#        I:\STM32_MCU\STM32F407\STM32F407ZGT6\STM32F407ZGT6Project\EWARM\STM32F407ZGT6Project\Obj\css_cfg.o
#        I:\STM32_MCU\STM32F407\STM32F407ZGT6\STM32F407ZGT6Project\EWARM\STM32F407ZGT6Project\Obj\css_lib.o
#        I:\STM32_MCU\STM32F407\STM32F407ZGT6\STM32F407ZGT6Project\EWARM\STM32F407ZGT6Project\Obj\css_task.o
#        I:\STM32_MCU\STM32F407\STM32F407ZGT6\STM32F407ZGT6Project\EWARM\STM32F407ZGT6Project\Obj\dac_cfg.o
#        I:\STM32_MCU\STM32F407\STM32F407ZGT6\STM32F407ZGT6Project\EWARM\STM32F407ZGT6Project\Obj\dac_lib.o
#        I:\STM32_MCU\STM32F407\STM32F407ZGT6\STM32F407ZGT6Project\EWARM\STM32F407ZGT6Project\Obj\dac_task.o
#        I:\STM32_MCU\STM32F407\STM32F407ZGT6\STM32F407ZGT6Project\EWARM\STM32F407ZGT6Project\Obj\decode_cfg.o
#        I:\STM32_MCU\STM32F407\STM32F407ZGT6\STM32F407ZGT6Project\EWARM\STM32F407ZGT6Project\Obj\decode_lib.o
#        I:\STM32_MCU\STM32F407\STM32F407ZGT6\STM32F407ZGT6Project\EWARM\STM32F407ZGT6Project\Obj\decode_task.o
#        I:\STM32_MCU\STM32F407\STM32F407ZGT6\STM32F407ZGT6Project\EWARM\STM32F407ZGT6Project\Obj\delay_cfg.o
#        I:\STM32_MCU\STM32F407\STM32F407ZGT6\STM32F407ZGT6Project\EWARM\STM32F407ZGT6Project\Obj\delay_lib.o
#        I:\STM32_MCU\STM32F407\STM32F407ZGT6\STM32F407ZGT6Project\EWARM\STM32F407ZGT6Project\Obj\delay_task.o
#        I:\STM32_MCU\STM32F407\STM32F407ZGT6\STM32F407ZGT6Project\EWARM\STM32F407ZGT6Project\Obj\dht11_cfg.o
#        I:\STM32_MCU\STM32F407\STM32F407ZGT6\STM32F407ZGT6Project\EWARM\STM32F407ZGT6Project\Obj\dht11_lib.o
#        I:\STM32_MCU\STM32F407\STM32F407ZGT6\STM32F407ZGT6Project\EWARM\STM32F407ZGT6Project\Obj\dht11_task.o
#        I:\STM32_MCU\STM32F407\STM32F407ZGT6\STM32F407ZGT6Project\EWARM\STM32F407ZGT6Project\Obj\ds1302_cfg.o
#        I:\STM32_MCU\STM32F407\STM32F407ZGT6\STM32F407ZGT6Project\EWARM\STM32F407ZGT6Project\Obj\ds1302_lib.o
#        I:\STM32_MCU\STM32F407\STM32F407ZGT6\STM32F407ZGT6Project\EWARM\STM32F407ZGT6Project\Obj\ds1302_task.o
#        I:\STM32_MCU\STM32F407\STM32F407ZGT6\STM32F407ZGT6Project\EWARM\STM32F407ZGT6Project\Obj\ds18b20_cfg.o
#        I:\STM32_MCU\STM32F407\STM32F407ZGT6\STM32F407ZGT6Project\EWARM\STM32F407ZGT6Project\Obj\ds18b20_lib.o
#        I:\STM32_MCU\STM32F407\STM32F407ZGT6\STM32F407ZGT6Project\EWARM\STM32F407ZGT6Project\Obj\ds18b20_task.o
#        I:\STM32_MCU\STM32F407\STM32F407ZGT6\STM32F407ZGT6Project\EWARM\STM32F407ZGT6Project\Obj\eeprom_cfg.o
#        I:\STM32_MCU\STM32F407\STM32F407ZGT6\STM32F407ZGT6Project\EWARM\STM32F407ZGT6Project\Obj\eeprom_lib.o
#        I:\STM32_MCU\STM32F407\STM32F407ZGT6\STM32F407ZGT6Project\EWARM\STM32F407ZGT6Project\Obj\eeprom_task.o
#        I:\STM32_MCU\STM32F407\STM32F407ZGT6\STM32F407ZGT6Project\EWARM\STM32F407ZGT6Project\Obj\enc28j60_cfg.o
#        I:\STM32_MCU\STM32F407\STM32F407ZGT6\STM32F407ZGT6Project\EWARM\STM32F407ZGT6Project\Obj\enc28j60_lib.o
#        I:\STM32_MCU\STM32F407\STM32F407ZGT6\STM32F407ZGT6Project\EWARM\STM32F407ZGT6Project\Obj\enc28j60_task.o
#        I:\STM32_MCU\STM32F407\STM32F407ZGT6\STM32F407ZGT6Project\EWARM\STM32F407ZGT6Project\Obj\exit_cfg.o
#        I:\STM32_MCU\STM32F407\STM32F407ZGT6\STM32F407ZGT6Project\EWARM\STM32F407ZGT6Project\Obj\exit_lib.o
#        I:\STM32_MCU\STM32F407\STM32F407ZGT6\STM32F407ZGT6Project\EWARM\STM32F407ZGT6Project\Obj\exit_task.o
#        I:\STM32_MCU\STM32F407\STM32F407ZGT6\STM32F407ZGT6Project\EWARM\STM32F407ZGT6Project\Obj\flash_cfg.o
#        I:\STM32_MCU\STM32F407\STM32F407ZGT6\STM32F407ZGT6Project\EWARM\STM32F407ZGT6Project\Obj\flash_lib.o
#        I:\STM32_MCU\STM32F407\STM32F407ZGT6\STM32F407ZGT6Project\EWARM\STM32F407ZGT6Project\Obj\flash_task.o
#        I:\STM32_MCU\STM32F407\STM32F407ZGT6\STM32F407ZGT6Project\EWARM\STM32F407ZGT6Project\Obj\gpio_cfg.o
#        I:\STM32_MCU\STM32F407\STM32F407ZGT6\STM32F407ZGT6Project\EWARM\STM32F407ZGT6Project\Obj\gpio_lib.o
#        I:\STM32_MCU\STM32F407\STM32F407ZGT6\STM32F407ZGT6Project\EWARM\STM32F407ZGT6Project\Obj\gpio_task.o
#        I:\STM32_MCU\STM32F407\STM32F407ZGT6\STM32F407ZGT6Project\EWARM\STM32F407ZGT6Project\Obj\hmc830_cfg.o
#        I:\STM32_MCU\STM32F407\STM32F407ZGT6\STM32F407ZGT6Project\EWARM\STM32F407ZGT6Project\Obj\hmc830_lib.o
#        I:\STM32_MCU\STM32F407\STM32F407ZGT6\STM32F407ZGT6Project\EWARM\STM32F407ZGT6Project\Obj\hmc830_task.o
#        I:\STM32_MCU\STM32F407\STM32F407ZGT6\STM32F407ZGT6Project\EWARM\STM32F407ZGT6Project\Obj\i2c_cfg.o
#        I:\STM32_MCU\STM32F407\STM32F407ZGT6\STM32F407ZGT6Project\EWARM\STM32F407ZGT6Project\Obj\i2c_lib.o
#        I:\STM32_MCU\STM32F407\STM32F407ZGT6\STM32F407ZGT6Project\EWARM\STM32F407ZGT6Project\Obj\i2c_task.o
#        I:\STM32_MCU\STM32F407\STM32F407ZGT6\STM32F407ZGT6Project\EWARM\STM32F407ZGT6Project\Obj\iap_cfg.o
#        I:\STM32_MCU\STM32F407\STM32F407ZGT6\STM32F407ZGT6Project\EWARM\STM32F407ZGT6Project\Obj\iap_lib.o
#        I:\STM32_MCU\STM32F407\STM32F407ZGT6\STM32F407ZGT6Project\EWARM\STM32F407ZGT6Project\Obj\iap_task.o
#        I:\STM32_MCU\STM32F407\STM32F407ZGT6\STM32F407ZGT6Project\EWARM\STM32F407ZGT6Project\Obj\ina226_cfg.o
#        I:\STM32_MCU\STM32F407\STM32F407ZGT6\STM32F407ZGT6Project\EWARM\STM32F407ZGT6Project\Obj\ina226_lib.o
#        I:\STM32_MCU\STM32F407\STM32F407ZGT6\STM32F407ZGT6Project\EWARM\STM32F407ZGT6Project\Obj\ina226_task.o
#        I:\STM32_MCU\STM32F407\STM32F407ZGT6\STM32F407ZGT6Project\EWARM\STM32F407ZGT6Project\Obj\isp_cfg.o
#        I:\STM32_MCU\STM32F407\STM32F407ZGT6\STM32F407ZGT6Project\EWARM\STM32F407ZGT6Project\Obj\isp_lib.o
#        I:\STM32_MCU\STM32F407\STM32F407ZGT6\STM32F407ZGT6Project\EWARM\STM32F407ZGT6Project\Obj\isp_task.o
#        I:\STM32_MCU\STM32F407\STM32F407ZGT6\STM32F407ZGT6Project\EWARM\STM32F407ZGT6Project\Obj\iwdg_cfg.o
#        I:\STM32_MCU\STM32F407\STM32F407ZGT6\STM32F407ZGT6Project\EWARM\STM32F407ZGT6Project\Obj\iwdg_lib.o
#        I:\STM32_MCU\STM32F407\STM32F407ZGT6\STM32F407ZGT6Project\EWARM\STM32F407ZGT6Project\Obj\iwdg_task.o
#        I:\STM32_MCU\STM32F407\STM32F407ZGT6\STM32F407ZGT6Project\EWARM\STM32F407ZGT6Project\Obj\kalman_filter.o
#        I:\STM32_MCU\STM32F407\STM32F407ZGT6\STM32F407ZGT6Project\EWARM\STM32F407ZGT6Project\Obj\key_cfg.o
#        I:\STM32_MCU\STM32F407\STM32F407ZGT6\STM32F407ZGT6Project\EWARM\STM32F407ZGT6Project\Obj\key_lib.o
#        I:\STM32_MCU\STM32F407\STM32F407ZGT6\STM32F407ZGT6Project\EWARM\STM32F407ZGT6Project\Obj\key_task.o
#        I:\STM32_MCU\STM32F407\STM32F407ZGT6\STM32F407ZGT6Project\EWARM\STM32F407ZGT6Project\Obj\lcd1602_cfg.o
#        I:\STM32_MCU\STM32F407\STM32F407ZGT6\STM32F407ZGT6Project\EWARM\STM32F407ZGT6Project\Obj\lcd1602_lib.o
#        I:\STM32_MCU\STM32F407\STM32F407ZGT6\STM32F407ZGT6Project\EWARM\STM32F407ZGT6Project\Obj\lcd1602_task.o
#        I:\STM32_MCU\STM32F407\STM32F407ZGT6\STM32F407ZGT6Project\EWARM\STM32F407ZGT6Project\Obj\led_cfg.o
#        I:\STM32_MCU\STM32F407\STM32F407ZGT6\STM32F407ZGT6Project\EWARM\STM32F407ZGT6Project\Obj\led_lib.o
#        I:\STM32_MCU\STM32F407\STM32F407ZGT6\STM32F407ZGT6Project\EWARM\STM32F407ZGT6Project\Obj\led_task.o
#        I:\STM32_MCU\STM32F407\STM32F407ZGT6\STM32F407ZGT6Project\EWARM\STM32F407ZGT6Project\Obj\lin_cfg.o
#        I:\STM32_MCU\STM32F407\STM32F407ZGT6\STM32F407ZGT6Project\EWARM\STM32F407ZGT6Project\Obj\lin_lib.o
#        I:\STM32_MCU\STM32F407\STM32F407ZGT6\STM32F407ZGT6Project\EWARM\STM32F407ZGT6Project\Obj\lin_task.o
#        I:\STM32_MCU\STM32F407\STM32F407ZGT6\STM32F407ZGT6Project\EWARM\STM32F407ZGT6Project\Obj\main.o
#        I:\STM32_MCU\STM32F407\STM32F407ZGT6\STM32F407ZGT6Project\EWARM\STM32F407ZGT6Project\Obj\max961x_cfg.o
#        I:\STM32_MCU\STM32F407\STM32F407ZGT6\STM32F407ZGT6Project\EWARM\STM32F407ZGT6Project\Obj\max961x_lib.o
#        I:\STM32_MCU\STM32F407\STM32F407ZGT6\STM32F407ZGT6Project\EWARM\STM32F407ZGT6Project\Obj\max961x_task.o
#        I:\STM32_MCU\STM32F407\STM32F407ZGT6\STM32F407ZGT6Project\EWARM\STM32F407ZGT6Project\Obj\mobus_slave_cfg.o
#        I:\STM32_MCU\STM32F407\STM32F407ZGT6\STM32F407ZGT6Project\EWARM\STM32F407ZGT6Project\Obj\mobus_slave_lib.o
#        I:\STM32_MCU\STM32F407\STM32F407ZGT6\STM32F407ZGT6Project\EWARM\STM32F407ZGT6Project\Obj\mobus_slave_task.o
#        I:\STM32_MCU\STM32F407\STM32F407ZGT6\STM32F407ZGT6Project\EWARM\STM32F407ZGT6Project\Obj\modbus_master_cfg.o
#        I:\STM32_MCU\STM32F407\STM32F407ZGT6\STM32F407ZGT6Project\EWARM\STM32F407ZGT6Project\Obj\modbus_master_lib.o
#        I:\STM32_MCU\STM32F407\STM32F407ZGT6\STM32F407ZGT6Project\EWARM\STM32F407ZGT6Project\Obj\modbus_master_task.o
#        I:\STM32_MCU\STM32F407\STM32F407ZGT6\STM32F407ZGT6Project\EWARM\STM32F407ZGT6Project\Obj\my_malloc.o
#        I:\STM32_MCU\STM32F407\STM32F407ZGT6\STM32F407ZGT6Project\EWARM\STM32F407ZGT6Project\Obj\nrf2401_cfg.o
#        I:\STM32_MCU\STM32F407\STM32F407ZGT6\STM32F407ZGT6Project\EWARM\STM32F407ZGT6Project\Obj\nrf2401_lib.o
#        I:\STM32_MCU\STM32F407\STM32F407ZGT6\STM32F407ZGT6Project\EWARM\STM32F407ZGT6Project\Obj\nrf2401_task.o
#        I:\STM32_MCU\STM32F407\STM32F407ZGT6\STM32F407ZGT6Project\EWARM\STM32F407ZGT6Project\Obj\oled_cfg.o
#        I:\STM32_MCU\STM32F407\STM32F407ZGT6\STM32F407ZGT6Project\EWARM\STM32F407ZGT6Project\Obj\oled_lib.o
#        I:\STM32_MCU\STM32F407\STM32F407ZGT6\STM32F407ZGT6Project\EWARM\STM32F407ZGT6Project\Obj\oled_task.o
#        I:\STM32_MCU\STM32F407\STM32F407ZGT6\STM32F407ZGT6Project\EWARM\STM32F407ZGT6Project\Obj\one_wire_cfg.o
#        I:\STM32_MCU\STM32F407\STM32F407ZGT6\STM32F407ZGT6Project\EWARM\STM32F407ZGT6Project\Obj\one_wire_lib.o
#        I:\STM32_MCU\STM32F407\STM32F407ZGT6\STM32F407ZGT6Project\EWARM\STM32F407ZGT6Project\Obj\one_wire_task.o
#        I:\STM32_MCU\STM32F407\STM32F407ZGT6\STM32F407ZGT6Project\EWARM\STM32F407ZGT6Project\Obj\pcf8563_cfg.o
#        I:\STM32_MCU\STM32F407\STM32F407ZGT6\STM32F407ZGT6Project\EWARM\STM32F407ZGT6Project\Obj\pcf8563_lib.o
#        I:\STM32_MCU\STM32F407\STM32F407ZGT6\STM32F407ZGT6Project\EWARM\STM32F407ZGT6Project\Obj\pcf8563_task.o
#        I:\STM32_MCU\STM32F407\STM32F407ZGT6\STM32F407ZGT6Project\EWARM\STM32F407ZGT6Project\Obj\pid_cfg.o
#        I:\STM32_MCU\STM32F407\STM32F407ZGT6\STM32F407ZGT6Project\EWARM\STM32F407ZGT6Project\Obj\pid_lib.o
#        I:\STM32_MCU\STM32F407\STM32F407ZGT6\STM32F407ZGT6Project\EWARM\STM32F407ZGT6Project\Obj\pid_task.o
#        I:\STM32_MCU\STM32F407\STM32F407ZGT6\STM32F407ZGT6Project\EWARM\STM32F407ZGT6Project\Obj\power_cfg.o
#        I:\STM32_MCU\STM32F407\STM32F407ZGT6\STM32F407ZGT6Project\EWARM\STM32F407ZGT6Project\Obj\power_lib.o
#        I:\STM32_MCU\STM32F407\STM32F407ZGT6\STM32F407ZGT6Project\EWARM\STM32F407ZGT6Project\Obj\power_task.o
#        I:\STM32_MCU\STM32F407\STM32F407ZGT6\STM32F407ZGT6Project\EWARM\STM32F407ZGT6Project\Obj\pvd_cfg.o
#        I:\STM32_MCU\STM32F407\STM32F407ZGT6\STM32F407ZGT6Project\EWARM\STM32F407ZGT6Project\Obj\pvd_lib.o
#        I:\STM32_MCU\STM32F407\STM32F407ZGT6\STM32F407ZGT6Project\EWARM\STM32F407ZGT6Project\Obj\pvd_task.o
#        I:\STM32_MCU\STM32F407\STM32F407ZGT6\STM32F407ZGT6Project\EWARM\STM32F407ZGT6Project\Obj\random_cfg.o
#        I:\STM32_MCU\STM32F407\STM32F407ZGT6\STM32F407ZGT6Project\EWARM\STM32F407ZGT6Project\Obj\random_lib.o
#        I:\STM32_MCU\STM32F407\STM32F407ZGT6\STM32F407ZGT6Project\EWARM\STM32F407ZGT6Project\Obj\random_task.o
#        I:\STM32_MCU\STM32F407\STM32F407ZGT6\STM32F407ZGT6Project\EWARM\STM32F407ZGT6Project\Obj\rfask_cfg.o
#        I:\STM32_MCU\STM32F407\STM32F407ZGT6\STM32F407ZGT6Project\EWARM\STM32F407ZGT6Project\Obj\rfask_eeprom.o
#        I:\STM32_MCU\STM32F407\STM32F407ZGT6\STM32F407ZGT6Project\EWARM\STM32F407ZGT6Project\Obj\rfask_lib.o
#        I:\STM32_MCU\STM32F407\STM32F407ZGT6\STM32F407ZGT6Project\EWARM\STM32F407ZGT6Project\Obj\rfask_task.o
#        I:\STM32_MCU\STM32F407\STM32F407ZGT6\STM32F407ZGT6Project\EWARM\STM32F407ZGT6Project\Obj\rfaskhw_cfg.o
#        I:\STM32_MCU\STM32F407\STM32F407ZGT6\STM32F407ZGT6Project\EWARM\STM32F407ZGT6Project\Obj\rtc_cfg.o
#        I:\STM32_MCU\STM32F407\STM32F407ZGT6\STM32F407ZGT6Project\EWARM\STM32F407ZGT6Project\Obj\rtc_lib.o
#        I:\STM32_MCU\STM32F407\STM32F407ZGT6\STM32F407ZGT6Project\EWARM\STM32F407ZGT6Project\Obj\rtc_task.o
#        I:\STM32_MCU\STM32F407\STM32F407ZGT6\STM32F407ZGT6Project\EWARM\STM32F407ZGT6Project\Obj\sdio_cfg.o
#        I:\STM32_MCU\STM32F407\STM32F407ZGT6\STM32F407ZGT6Project\EWARM\STM32F407ZGT6Project\Obj\sdio_lib.o
#        I:\STM32_MCU\STM32F407\STM32F407ZGT6\STM32F407ZGT6Project\EWARM\STM32F407ZGT6Project\Obj\sdio_task.o
#        I:\STM32_MCU\STM32F407\STM32F407ZGT6\STM32F407ZGT6Project\EWARM\STM32F407ZGT6Project\Obj\sht2x_cfg.o
#        I:\STM32_MCU\STM32F407\STM32F407ZGT6\STM32F407ZGT6Project\EWARM\STM32F407ZGT6Project\Obj\sht2x_lib.o
#        I:\STM32_MCU\STM32F407\STM32F407ZGT6\STM32F407ZGT6Project\EWARM\STM32F407ZGT6Project\Obj\sht2x_task.o
#        I:\STM32_MCU\STM32F407\STM32F407ZGT6\STM32F407ZGT6Project\EWARM\STM32F407ZGT6Project\Obj\smbus_cfg.o
#        I:\STM32_MCU\STM32F407\STM32F407ZGT6\STM32F407ZGT6Project\EWARM\STM32F407ZGT6Project\Obj\smbus_lib.o
#        I:\STM32_MCU\STM32F407\STM32F407ZGT6\STM32F407ZGT6Project\EWARM\STM32F407ZGT6Project\Obj\smbus_task.o
#        I:\STM32_MCU\STM32F407\STM32F407ZGT6\STM32F407ZGT6Project\EWARM\STM32F407ZGT6Project\Obj\spi_cfg.o
#        I:\STM32_MCU\STM32F407\STM32F407ZGT6\STM32F407ZGT6Project\EWARM\STM32F407ZGT6Project\Obj\spi_lib.o
#        I:\STM32_MCU\STM32F407\STM32F407ZGT6\STM32F407ZGT6Project\EWARM\STM32F407ZGT6Project\Obj\spi_task.o
#        I:\STM32_MCU\STM32F407\STM32F407ZGT6\STM32F407ZGT6Project\EWARM\STM32F407ZGT6Project\Obj\startup_stm32f407xx.o
#        I:\STM32_MCU\STM32F407\STM32F407ZGT6\STM32F407ZGT6Project\EWARM\STM32F407ZGT6Project\Obj\stm32_cfg.o
#        I:\STM32_MCU\STM32F407\STM32F407ZGT6\STM32F407ZGT6Project\EWARM\STM32F407ZGT6Project\Obj\stm32f4xx_hal.o
#        I:\STM32_MCU\STM32F407\STM32F407ZGT6\STM32F407ZGT6Project\EWARM\STM32F407ZGT6Project\Obj\stm32f4xx_hal_cortex.o
#        I:\STM32_MCU\STM32F407\STM32F407ZGT6\STM32F407ZGT6Project\EWARM\STM32F407ZGT6Project\Obj\stm32f4xx_hal_gpio.o
#        I:\STM32_MCU\STM32F407\STM32F407ZGT6\STM32F407ZGT6Project\EWARM\STM32F407ZGT6Project\Obj\stm32f4xx_hal_rcc.o
#        I:\STM32_MCU\STM32F407\STM32F407ZGT6\STM32F407ZGT6Project\EWARM\STM32F407ZGT6Project\Obj\stm32f4xx_it.o
#        I:\STM32_MCU\STM32F407\STM32F407ZGT6\STM32F407ZGT6Project\EWARM\STM32F407ZGT6Project\Obj\stm32f4xx_ll_adc.o
#        I:\STM32_MCU\STM32F407\STM32F407ZGT6\STM32F407ZGT6Project\EWARM\STM32F407ZGT6Project\Obj\stm32f4xx_ll_crc.o
#        I:\STM32_MCU\STM32F407\STM32F407ZGT6\STM32F407ZGT6Project\EWARM\STM32F407ZGT6Project\Obj\stm32f4xx_ll_dac.o
#        I:\STM32_MCU\STM32F407\STM32F407ZGT6\STM32F407ZGT6Project\EWARM\STM32F407ZGT6Project\Obj\stm32f4xx_ll_dma.o
#        I:\STM32_MCU\STM32F407\STM32F407ZGT6\STM32F407ZGT6Project\EWARM\STM32F407ZGT6Project\Obj\stm32f4xx_ll_dma2d.o
#        I:\STM32_MCU\STM32F407\STM32F407ZGT6\STM32F407ZGT6Project\EWARM\STM32F407ZGT6Project\Obj\stm32f4xx_ll_gpio.o
#        I:\STM32_MCU\STM32F407\STM32F407ZGT6\STM32F407ZGT6Project\EWARM\STM32F407ZGT6Project\Obj\stm32f4xx_ll_i2c.o
#        I:\STM32_MCU\STM32F407\STM32F407ZGT6\STM32F407ZGT6Project\EWARM\STM32F407ZGT6Project\Obj\stm32f4xx_ll_pwr.o
#        I:\STM32_MCU\STM32F407\STM32F407ZGT6\STM32F407ZGT6Project\EWARM\STM32F407ZGT6Project\Obj\stm32f4xx_ll_rcc.o
#        I:\STM32_MCU\STM32F407\STM32F407ZGT6\STM32F407ZGT6Project\EWARM\STM32F407ZGT6Project\Obj\stm32f4xx_ll_rng.o
#        I:\STM32_MCU\STM32F407\STM32F407ZGT6\STM32F407ZGT6Project\EWARM\STM32F407ZGT6Project\Obj\stm32f4xx_ll_rtc.o
#        I:\STM32_MCU\STM32F407\STM32F407ZGT6\STM32F407ZGT6Project\EWARM\STM32F407ZGT6Project\Obj\stm32f4xx_ll_spi.o
#        I:\STM32_MCU\STM32F407\STM32F407ZGT6\STM32F407ZGT6Project\EWARM\STM32F407ZGT6Project\Obj\stm32f4xx_ll_tim.o
#        I:\STM32_MCU\STM32F407\STM32F407ZGT6\STM32F407ZGT6Project\EWARM\STM32F407ZGT6Project\Obj\stm32f4xx_ll_usart.o
#        I:\STM32_MCU\STM32F407\STM32F407ZGT6\STM32F407ZGT6Project\EWARM\STM32F407ZGT6Project\Obj\stm32f4xx_ll_utils.o
#        I:\STM32_MCU\STM32F407\STM32F407ZGT6\STM32F407ZGT6Project\EWARM\STM32F407ZGT6Project\Obj\system_stm32f4xx.o
#        I:\STM32_MCU\STM32F407\STM32F407ZGT6\STM32F407ZGT6Project\EWARM\STM32F407ZGT6Project\Obj\systick_cfg.o
#        I:\STM32_MCU\STM32F407\STM32F407ZGT6\STM32F407ZGT6Project\EWARM\STM32F407ZGT6Project\Obj\systick_lib.o
#        I:\STM32_MCU\STM32F407\STM32F407ZGT6\STM32F407ZGT6Project\EWARM\STM32F407ZGT6Project\Obj\systick_task.o
#        I:\STM32_MCU\STM32F407\STM32F407ZGT6\STM32F407ZGT6Project\EWARM\STM32F407ZGT6Project\Obj\timer_cfg.o
#        I:\STM32_MCU\STM32F407\STM32F407ZGT6\STM32F407ZGT6Project\EWARM\STM32F407ZGT6Project\Obj\timer_lib.o
#        I:\STM32_MCU\STM32F407\STM32F407ZGT6\STM32F407ZGT6Project\EWARM\STM32F407ZGT6Project\Obj\timer_task.o
#        I:\STM32_MCU\STM32F407\STM32F407ZGT6\STM32F407ZGT6Project\EWARM\STM32F407ZGT6Project\Obj\usart_cfg.o
#        I:\STM32_MCU\STM32F407\STM32F407ZGT6\STM32F407ZGT6Project\EWARM\STM32F407ZGT6Project\Obj\usart_lib.o
#        I:\STM32_MCU\STM32F407\STM32F407ZGT6\STM32F407ZGT6Project\EWARM\STM32F407ZGT6Project\Obj\usart_task.o
#        I:\STM32_MCU\STM32F407\STM32F407ZGT6\STM32F407ZGT6Project\EWARM\STM32F407ZGT6Project\Obj\w25qxx_cfg.o
#        I:\STM32_MCU\STM32F407\STM32F407ZGT6\STM32F407ZGT6Project\EWARM\STM32F407ZGT6Project\Obj\w25qxx_lib.o
#        I:\STM32_MCU\STM32F407\STM32F407ZGT6\STM32F407ZGT6Project\EWARM\STM32F407ZGT6Project\Obj\w25qxx_task.o
#        I:\STM32_MCU\STM32F407\STM32F407ZGT6\STM32F407ZGT6Project\EWARM\STM32F407ZGT6Project\Obj\w5500_cfg.o
#        I:\STM32_MCU\STM32F407\STM32F407ZGT6\STM32F407ZGT6Project\EWARM\STM32F407ZGT6Project\Obj\w5500_lib.o
#        I:\STM32_MCU\STM32F407\STM32F407ZGT6\STM32F407ZGT6Project\EWARM\STM32F407ZGT6Project\Obj\w5500_task.o
#        I:\STM32_MCU\STM32F407\STM32F407ZGT6\STM32F407ZGT6Project\EWARM\STM32F407ZGT6Project\Obj\wm8510_cfg.o
#        I:\STM32_MCU\STM32F407\STM32F407ZGT6\STM32F407ZGT6Project\EWARM\STM32F407ZGT6Project\Obj\wm8510_lib.o
#        I:\STM32_MCU\STM32F407\STM32F407ZGT6\STM32F407ZGT6Project\EWARM\STM32F407ZGT6Project\Obj\wm8510_task.o
#        I:\STM32_MCU\STM32F407\STM32F407ZGT6\STM32F407ZGT6Project\EWARM\STM32F407ZGT6Project\Obj\wwdg_cfg.o
#        I:\STM32_MCU\STM32F407\STM32F407ZGT6\STM32F407ZGT6Project\EWARM\STM32F407ZGT6Project\Obj\wwdg_lib.o
#        I:\STM32_MCU\STM32F407\STM32F407ZGT6\STM32F407ZGT6Project\EWARM\STM32F407ZGT6Project\Obj\wwdg_task.o
#        --redirect _Printf=_PrintfFull --redirect _Scanf=_ScanfFull
#        --no_out_extension -o
#        I:\STM32_MCU\STM32F407\STM32F407ZGT6\STM32F407ZGT6Project\EWARM\STM32F407ZGT6Project\Exe\STM32F407ZET6Project.out
#        --map
#        I:\STM32_MCU\STM32F407\STM32F407ZGT6\STM32F407ZGT6Project\EWARM\STM32F407ZGT6Project\List\STM32F407ZET6Project.map
#        --config
#        I:\STM32_MCU\STM32F407\STM32F407ZGT6\STM32F407ZGT6Project\EWARM/stm32f407xx_flash.icf
#        --semihosting --entry __iar_program_start --vfe --text_out locale)
#
###############################################################################

*******************************************************************************
*** RUNTIME MODEL ATTRIBUTES
***

CppFlavor       = *
__SystemLibrary = DLib
__dlib_version  = 6


*******************************************************************************
*** HEAP SELECTION
***

The basic heap was selected because no calls to memory allocation
functions were found in the application outside of system library
functions, and there are calls to deallocation functions in the
application.


*******************************************************************************
*** PLACEMENT SUMMARY
***

"A0":  place at address 0x800'0000 { ro section .intvec };
"P1":  place in [from 0x800'0000 to 0x80f'ffff] { ro };
define block CSTACK with size = 1K, alignment = 8 { };
define block HEAP with size = 512, alignment = 8 { };
"P2":  place in [from 0x2000'0000 to 0x2001'ffff] {
          rw, block CSTACK, block HEAP };
initialize by copy { rw };

  Section            Kind         Address    Size  Object
  -------            ----         -------    ----  ------
"A0":                                       0x188
  .intvec            ro code   0x800'0000   0x188  startup_stm32f407xx.o [1]
                             - 0x800'0188   0x188

"P1":                                      0x451a
  .text              ro code   0x800'0188  0x10c6  xprintffull.o [2]
  .text              ro code   0x800'124e    0x3a  zero_init3.o [4]
  .text              ro code   0x800'1288    0x7c  xlocale_c.o [2]
  .text              ro code   0x800'1304    0x16  strchr.o [4]
  .text              ro code   0x800'131a    0x1e  xencoding_8859_1.o [2]
  .text              ro code   0x800'1338    0x40  xfail_s.o [2]
  .text              ro code   0x800'1378    0x36  strlen.o [4]
  .text              ro code   0x800'13ae    0x1a  xsnprout.o [2]
  .text              ro code   0x800'13c8    0x58  memchr.o [4]
  .text              ro code   0x800'1420    0xa6  ABImemcpy.o [4]
  .rodata            const     0x800'14c6     0x2  xlocale_c.o [2]
  .text              ro code   0x800'14c8    0x70  frexp.o [3]
  .text              ro code   0x800'1538    0x2e  DblCmpLe.o [3]
  .rodata            const     0x800'1566     0x2  xlocale_c.o [2]
  .text              ro code   0x800'1568    0x2e  DblCmpGe.o [3]
  .rodata            const     0x800'1596     0x1  xlocale_c.o [2]
  .text              ro code   0x800'1598   0x13a  ldexp.o [3]
  .text              ro code   0x800'16d4    0x3a  DblToS32.o [3]
  .text              ro code   0x800'1710    0x22  S32ToDbl.o [3]
  .text              ro code   0x800'1734    0xe2  DblSub.o [3]
  .text              ro code   0x800'1818   0x246  DblDiv.o [3]
  .text              ro code   0x800'1a60    0x28  DblToU32.o [3]
  .text              ro code   0x800'1a88    0x1a  U32ToDbl.o [3]
  .text              ro code   0x800'1aa4   0x1a2  DblMul.o [3]
  .text              ro code   0x800'1c46     0xa  xmbcurmax.o [2]
  .text              ro code   0x800'1c50   0x230  I64DivMod.o [4]
  .text              ro code   0x800'1e80     0x6  abort.o [2]
  .text              ro code   0x800'1e88   0x16a  DblAdd.o [3]
  .text              ro code   0x800'1ff4     0x2  I64DivZer.o [4]
  .text              ro code   0x800'1ff8    0x14  exit.o [5]
  .text              ro code   0x800'200c   0xcac  usart_cfg.o [1]
  .text              ro code   0x800'2cb8     0x8  iwdg_task.o [1]
  .text              ro code   0x800'2cc0    0x3c  vsnprint.o [2]
  .text              ro code   0x800'2cfc    0x1a  gpio_task.o [1]
  .text              ro code   0x800'2d18    0x66  ABImemset.o [4]
  .text              ro code   0x800'2d80   0x19a  stm32f4xx_ll_gpio.o [1]
  .text              ro code   0x800'2f1c   0x2cc  stm32f4xx_ll_usart.o [1]
  .text              ro code   0x800'31e8     0x8  iwdg_lib.o [1]
  .text              ro code   0x800'31f0    0x1a  gpio_lib.o [1]
  .text              ro code   0x800'320c   0x150  stm32f4xx_ll_rcc.o [1]
  .text              ro code   0x800'335c    0x1c  iwdg_cfg.o [1]
  .text              ro code   0x800'3378   0x1d0  gpio_cfg.o [1]
  .text              ro code   0x800'3548   0x454  main.o [1]
  .text              ro code   0x800'399c    0x5a  stm32_cfg.o [1]
  .text              ro code   0x800'39f8     0xc  stm32f4xx_ll_utils.o [1]
  .text              ro code   0x800'3a04    0x74  my_malloc.o [1]
  .text              ro code   0x800'3a78    0x38  systick_task.o [1]
  .text              ro code   0x800'3ab0    0x10  random_task.o [1]
  .text              ro code   0x800'3ac0    0x10  crc_task.o [1]
  .text              ro code   0x800'3ad0    0x60  usart_task.o [1]
  .text              ro code   0x800'3b30     0xc  delay_task.o [1]
  .text              ro code   0x800'3b3c    0x38  systick_lib.o [1]
  .text              ro code   0x800'3b74    0x10  random_lib.o [1]
  .text              ro code   0x800'3b84    0x10  crc_lib.o [1]
  .text              ro code   0x800'3b94    0x94  usart_lib.o [1]
  .text              ro code   0x800'3c28     0xc  delay_lib.o [1]
  .text              ro code   0x800'3c34   0x344  systick_cfg.o [1]
  .text              ro code   0x800'3f78   0x1ac  random_cfg.o [1]
  .text              ro code   0x800'4124    0x50  crc_cfg.o [1]
  .text              ro code   0x800'4174    0x66  delay_cfg.o [1]
  .text              ro code   0x800'41dc    0x2c  stm32f4xx_ll_rng.o [1]
  .text              ro code   0x800'4208    0x44  stm32f4xx_ll_crc.o [1]
  .text              ro code   0x800'424c    0x80  stm32f4xx_it.o [1]
  .text              ro code   0x800'42cc     0x8  pvd_task.o [1]
  .text              ro code   0x800'42d4     0x8  pvd_lib.o [1]
  .text              ro code   0x800'42dc     0x2  pvd_cfg.o [1]
  .text              ro code   0x800'42de    0x78  lz77_init_single.o [4]
  .text              ro code   0x800'4358    0x60  system_stm32f4xx.o [1]
  .rodata            const     0x800'43b8    0x54  main.o [1]
  .text              ro code   0x800'440c    0x28  data_init.o [4]
  .text              ro code   0x800'4434    0x22  fpinit_M.o [3]
  .iar.init_table    const     0x800'4458    0x20  - Linker created -
  .text              ro code   0x800'4478    0x1e  cmain.o [4]
  .text              ro code   0x800'4496     0x4  low_level_init.o [2]
  .text              ro code   0x800'449a     0x4  exit.o [2]
  .text              ro code   0x800'44a0     0xa  cexit.o [4]
  .rodata            const     0x800'44ac    0x18  usart_cfg.o [1]
  .text              ro code   0x800'44c4    0x18  stm32f4xx_hal.o [1]
  .rodata            const     0x800'44dc    0x10  system_stm32f4xx.o [1]
  .text              ro code   0x800'44ec    0x10  startup_stm32f407xx.o [1]
  .rodata            const     0x800'44fc     0xc  main.o [1]
  .text              ro code   0x800'4508     0xc  cstartup_M.o [4]
  .rodata            const     0x800'4514     0x8  system_stm32f4xx.o [1]
  .rodata            const     0x800'451c     0x4  my_malloc.o [1]
  .rodata            const     0x800'4520     0x4  my_malloc.o [1]
  .text              ro code   0x800'4524     0x4  startup_stm32f407xx.o [1]
  .text              ro code   0x800'4528     0x4  startup_stm32f407xx.o [1]
  .text              ro code   0x800'452c     0x4  startup_stm32f407xx.o [1]
  .text              ro code   0x800'4530     0x4  startup_stm32f407xx.o [1]
  .text              ro code   0x800'4534     0x4  startup_stm32f407xx.o [1]
  .text              ro code   0x800'4538     0x4  startup_stm32f407xx.o [1]
  .text              ro code   0x800'453c     0x4  startup_stm32f407xx.o [1]
  .text              ro code   0x800'4540     0x4  startup_stm32f407xx.o [1]
  .text              ro code   0x800'4544     0x4  startup_stm32f407xx.o [1]
  .text              ro code   0x800'4548     0x4  startup_stm32f407xx.o [1]
  .text              ro code   0x800'454c     0x4  startup_stm32f407xx.o [1]
  .text              ro code   0x800'4550     0x4  startup_stm32f407xx.o [1]
  .text              ro code   0x800'4554     0x4  startup_stm32f407xx.o [1]
  .text              ro code   0x800'4558     0x4  startup_stm32f407xx.o [1]
  .text              ro code   0x800'455c     0x4  startup_stm32f407xx.o [1]
  .text              ro code   0x800'4560     0x4  startup_stm32f407xx.o [1]
  .text              ro code   0x800'4564     0x4  startup_stm32f407xx.o [1]
  .text              ro code   0x800'4568     0x4  startup_stm32f407xx.o [1]
  .text              ro code   0x800'456c     0x4  startup_stm32f407xx.o [1]
  .text              ro code   0x800'4570     0x4  startup_stm32f407xx.o [1]
  .text              ro code   0x800'4574     0x4  startup_stm32f407xx.o [1]
  .text              ro code   0x800'4578     0x4  startup_stm32f407xx.o [1]
  .text              ro code   0x800'457c     0x4  startup_stm32f407xx.o [1]
  .text              ro code   0x800'4580     0x4  startup_stm32f407xx.o [1]
  .text              ro code   0x800'4584     0x4  startup_stm32f407xx.o [1]
  .text              ro code   0x800'4588     0x4  startup_stm32f407xx.o [1]
  .text              ro code   0x800'458c     0x4  startup_stm32f407xx.o [1]
  .text              ro code   0x800'4590     0x4  startup_stm32f407xx.o [1]
  .text              ro code   0x800'4594     0x4  startup_stm32f407xx.o [1]
  .text              ro code   0x800'4598     0x4  startup_stm32f407xx.o [1]
  .text              ro code   0x800'459c     0x4  startup_stm32f407xx.o [1]
  .text              ro code   0x800'45a0     0x4  startup_stm32f407xx.o [1]
  .text              ro code   0x800'45a4     0x4  startup_stm32f407xx.o [1]
  .text              ro code   0x800'45a8     0x4  startup_stm32f407xx.o [1]
  .text              ro code   0x800'45ac     0x4  startup_stm32f407xx.o [1]
  .text              ro code   0x800'45b0     0x4  startup_stm32f407xx.o [1]
  .text              ro code   0x800'45b4     0x4  startup_stm32f407xx.o [1]
  .text              ro code   0x800'45b8     0x4  startup_stm32f407xx.o [1]
  .text              ro code   0x800'45bc     0x4  startup_stm32f407xx.o [1]
  .text              ro code   0x800'45c0     0x4  startup_stm32f407xx.o [1]
  .text              ro code   0x800'45c4     0x4  startup_stm32f407xx.o [1]
  .text              ro code   0x800'45c8     0x4  startup_stm32f407xx.o [1]
  .text              ro code   0x800'45cc     0x4  startup_stm32f407xx.o [1]
  .text              ro code   0x800'45d0     0x4  startup_stm32f407xx.o [1]
  .text              ro code   0x800'45d4     0x4  startup_stm32f407xx.o [1]
  .text              ro code   0x800'45d8     0x4  startup_stm32f407xx.o [1]
  .text              ro code   0x800'45dc     0x4  startup_stm32f407xx.o [1]
  .text              ro code   0x800'45e0     0x4  startup_stm32f407xx.o [1]
  .text              ro code   0x800'45e4     0x4  startup_stm32f407xx.o [1]
  .text              ro code   0x800'45e8     0x4  startup_stm32f407xx.o [1]
  .text              ro code   0x800'45ec     0x4  startup_stm32f407xx.o [1]
  .text              ro code   0x800'45f0     0x4  startup_stm32f407xx.o [1]
  .text              ro code   0x800'45f4     0x4  startup_stm32f407xx.o [1]
  .text              ro code   0x800'45f8     0x4  startup_stm32f407xx.o [1]
  .text              ro code   0x800'45fc     0x4  startup_stm32f407xx.o [1]
  .text              ro code   0x800'4600     0x4  startup_stm32f407xx.o [1]
  .text              ro code   0x800'4604     0x4  startup_stm32f407xx.o [1]
  .text              ro code   0x800'4608     0x4  startup_stm32f407xx.o [1]
  .text              ro code   0x800'460c     0x4  startup_stm32f407xx.o [1]
  .text              ro code   0x800'4610     0x4  startup_stm32f407xx.o [1]
  .text              ro code   0x800'4614     0x4  startup_stm32f407xx.o [1]
  .text              ro code   0x800'4618     0x4  startup_stm32f407xx.o [1]
  .text              ro code   0x800'461c     0x4  startup_stm32f407xx.o [1]
  .text              ro code   0x800'4620     0x4  startup_stm32f407xx.o [1]
  .text              ro code   0x800'4624     0x4  startup_stm32f407xx.o [1]
  .text              ro code   0x800'4628     0x4  startup_stm32f407xx.o [1]
  .text              ro code   0x800'462c     0x4  startup_stm32f407xx.o [1]
  .text              ro code   0x800'4630     0x4  startup_stm32f407xx.o [1]
  .text              ro code   0x800'4634     0x4  startup_stm32f407xx.o [1]
  .text              ro code   0x800'4638     0x4  startup_stm32f407xx.o [1]
  .text              ro code   0x800'463c     0x4  startup_stm32f407xx.o [1]
  .text              ro code   0x800'4640     0x4  startup_stm32f407xx.o [1]
  .text              ro code   0x800'4644     0x4  startup_stm32f407xx.o [1]
  .text              ro code   0x800'4648     0x4  startup_stm32f407xx.o [1]
  .text              ro code   0x800'464c     0x4  startup_stm32f407xx.o [1]
  .text              ro code   0x800'4650     0x4  startup_stm32f407xx.o [1]
  .rodata            const     0x800'4654     0x0  zero_init3.o [4]
  .rodata            const     0x800'4654     0x0  lz77_init_single.o [4]
  Initializer bytes  const     0x800'4654    0x4e  <for P2-1>
                             - 0x800'46a2  0x451a

"P2", part 1 of 3:                           0xa2
  P2-1                        0x2000'0000    0xa2  <Init block>
    .data            inited   0x2000'0000    0x14  my_malloc.o [1]
    .data            inited   0x2000'0014     0x4  system_stm32f4xx.o [1]
    .data            inited   0x2000'0018     0x4  systick_cfg.o [1]
    .data            inited   0x2000'001c     0x4  usart_cfg.o [1]
    .data            inited   0x2000'0020    0x38  xlocale_c.o [2]
    .data            inited   0x2000'0058    0x48  xlocale_c.o [2]
    .data            inited   0x2000'00a0     0x1  crc_cfg.o [1]
    .data            inited   0x2000'00a1     0x1  stm32f4xx_hal.o [1]
                            - 0x2000'00a2    0xa2

"P2", part 2 of 3:                         0x2dbc
  .bss               zero     0x2000'00a4  0x2800  my_malloc.o [1]
  .bss               zero     0x2000'28a4   0x280  my_malloc.o [1]
  .bss               zero     0x2000'2b24   0x200  usart_cfg.o [1]
  .bss               zero     0x2000'2d24    0x64  usart_cfg.o [1]
  .bss               zero     0x2000'2d88    0x44  usart_task.o [1]
  .bss               zero     0x2000'2dcc    0x44  usart_task.o [1]
  .bss               zero     0x2000'2e10    0x20  stm32_cfg.o [1]
  .bss               zero     0x2000'2e30    0x20  systick_cfg.o [1]
  .bss               zero     0x2000'2e50     0x4  random_cfg.o [1]
  .bss               zero     0x2000'2e54     0x4  stm32f4xx_hal.o [1]
  .bss               zero     0x2000'2e58     0x4  xfail_s.o [2]
  .bss               zero     0x2000'2e5c     0x1  usart_cfg.o [1]
  .bss               zero     0x2000'2e5d     0x1  usart_cfg.o [1]
                            - 0x2000'2e5e  0x2dba

"P2", part 3 of 3:                          0x400
  CSTACK                      0x2000'2e60   0x400  <Block>
    CSTACK           uninit   0x2000'2e60   0x400  <Block tail>
                            - 0x2000'3260   0x400

Unused ranges:

         From           To      Size
         ----           --      ----
   0x800'46a2   0x80f'ffff  0xf'b95e
  0x2000'00a2  0x2000'00a3       0x2
  0x2000'3260  0x2001'ffff  0x1'cda0


*******************************************************************************
*** INIT TABLE
***

          Address      Size
          -------      ----
Zero (__iar_zero_init3)
    1 destination range, total size 0x2dba:
          0x2000'00a4  0x2dba

Copy/lz77 (__iar_lz77_init_single3)
    1 source range, total size 0x4e (48% of destination):
           0x800'4654    0x4e
    1 destination range, total size 0xa2:
          0x2000'0000    0xa2



*******************************************************************************
*** MODULE SUMMARY
***

    Module                 ro code  ro data  rw data
    ------                 -------  -------  -------
command line/config:
    ------------------------------------------------
    Total:

I:\STM32_MCU\STM32F407\STM32F407ZGT6\STM32F407ZGT6Project\EWARM\STM32F407ZGT6Project\Obj: [1]
    crc_cfg.o                   80                 1
    crc_lib.o                   16
    crc_task.o                  16
    delay_cfg.o                102
    delay_lib.o                 12
    delay_task.o                12
    gpio_cfg.o                 464
    gpio_lib.o                  26
    gpio_task.o                 26
    iwdg_cfg.o                  28
    iwdg_lib.o                   8
    iwdg_task.o                  8
    main.o                   1'108       96
    my_malloc.o                116       17   10'900
    pvd_cfg.o                    2
    pvd_lib.o                    8
    pvd_task.o                   8
    random_cfg.o               428                 4
    random_lib.o                16
    random_task.o               16
    startup_stm32f407xx.o      712
    stm32_cfg.o                 90                32
    stm32f4xx_hal.o             24        1        5
    stm32f4xx_it.o             128
    stm32f4xx_ll_crc.o          68
    stm32f4xx_ll_gpio.o        410
    stm32f4xx_ll_rcc.o         336
    stm32f4xx_ll_rng.o          44
    stm32f4xx_ll_usart.o       716
    stm32f4xx_ll_utils.o        12
    system_stm32f4xx.o          96       26        4
    systick_cfg.o              836        2       36
    systick_lib.o               56
    systick_task.o              56
    usart_cfg.o              3'244       26      618
    usart_lib.o                148
    usart_task.o                96               136
    ------------------------------------------------
    Total:                   9'572      168   11'736

dl7M_tlf.a: [2]
    abort.o                      6
    exit.o                       4
    low_level_init.o             4
    vsnprint.o                  60
    xencoding_8859_1.o          30
    xfail_s.o                   64                 4
    xlocale_c.o                124       67      128
    xmbcurmax.o                 10
    xprintffull.o            4'294
    xsnprout.o                  26
    ------------------------------------------------
    Total:                   4'622       67      132

m7M_tls.a: [3]
    DblAdd.o                   362
    DblCmpGe.o                  46
    DblCmpLe.o                  46
    DblDiv.o                   582
    DblMul.o                   418
    DblSub.o                   226
    DblToS32.o                  58
    DblToU32.o                  40
    S32ToDbl.o                  34
    U32ToDbl.o                  26
    fpinit_M.o                  34
    frexp.o                    112
    ldexp.o                    314
    ------------------------------------------------
    Total:                   2'298

rt7M_tl.a: [4]
    ABImemcpy.o                166
    ABImemset.o                102
    I64DivMod.o                560
    I64DivZer.o                  2
    cexit.o                     10
    cmain.o                     30
    cstartup_M.o                12
    data_init.o                 40
    lz77_init_single.o         120
    memchr.o                    88
    strchr.o                    22
    strlen.o                    54
    zero_init3.o                58
    ------------------------------------------------
    Total:                   1'264

shb_l.a: [5]
    exit.o                      20
    ------------------------------------------------
    Total:                      20

    Gaps                        35        4
    Linker created                       32    1'024
----------------------------------------------------
    Grand Total:            17'811      271   12'892


*******************************************************************************
*** ENTRY LIST
***

Entry                       Address    Size  Type      Object
-----                       -------    ----  ----      ------
.iar.init_table$$Base    0x800'4458           --   Gb  - Linker created -
.iar.init_table$$Limit   0x800'4478           --   Gb  - Linker created -
?main                    0x800'4479          Code  Gb  cmain.o [4]
AHBPrescTable            0x800'44dc    0x10  Data  Gb  system_stm32f4xx.o [1]
APBPrescTable            0x800'4514     0x8  Data  Gb  system_stm32f4xx.o [1]
BusFault_Handler         0x800'4275     0x2  Code  Gb  stm32f4xx_it.o [1]
CRCLib_Enable            0x800'3b8d     0x8  Code  Gb  crc_lib.o [1]
CRCLib_Init              0x800'3b85     0x8  Code  Gb  crc_lib.o [1]
CRCTask_Enable           0x800'3ac9     0x8  Code  Gb  crc_task.o [1]
CRCTask_Init             0x800'3ac1     0x8  Code  Gb  crc_task.o [1]
CRC_DeInit               0x800'4151    0x10  Code  Gb  crc_cfg.o [1]
CRC_Enable               0x800'4161     0x6  Code  Gb  crc_cfg.o [1]
CRC_Init                 0x800'413b    0x16  Code  Gb  crc_cfg.o [1]
CSTACK$$Base            0x2000'2e60           --   Gb  - Linker created -
CSTACK$$Limit           0x2000'3260           --   Gb  - Linker created -
CacheMore                0x800'128d    0x28  Code  Lc  xlocale_c.o [2]
DebugMon_Handler         0x800'427b     0x2  Code  Gb  stm32f4xx_it.o [1]
DelayLib_ms              0x800'3c29     0xc  Code  Gb  delay_lib.o [1]
DelayN_ms                0x800'41bb    0x20  Code  Gb  delay_cfg.o [1]
DelayN_us                0x800'4195    0x26  Code  Gb  delay_cfg.o [1]
DelayTask_ms             0x800'3b31     0xc  Code  Gb  delay_task.o [1]
Delay_ms                 0x800'4175    0x20  Code  Gb  delay_cfg.o [1]
GPIOLib_Clock            0x800'31f1    0x12  Code  Gb  gpio_lib.o [1]
GPIOLib_Init             0x800'3203     0x8  Code  Gb  gpio_lib.o [1]
GPIOTask_Clock           0x800'2cfd    0x12  Code  Gb  gpio_task.o [1]
GPIOTask_Init            0x800'2d0f     0x8  Code  Gb  gpio_task.o [1]
GPIO_Clock               0x800'33af   0x11a  Code  Gb  gpio_cfg.o [1]
GPIO_Init                0x800'34c9    0x54  Code  Gb  gpio_cfg.o [1]
HAL_IncTick              0x800'44c5    0x18  Code  Wk  stm32f4xx_hal.o [1]
HASH_RNG_IRQHandler      0x800'42ad     0x8  Code  Gb  stm32f4xx_it.o [1]
HardFault_Handler        0x800'426b     0x8  Code  Gb  stm32f4xx_it.o [1]
HardFault_IRQTask        0x800'39e5    0x12  Code  Gb  stm32_cfg.o [1]
HardFault_Msg            0x800'39a1    0x3e  Code  Gb  stm32_cfg.o [1]
IWDGLib_Reset            0x800'31e9     0x8  Code  Gb  iwdg_lib.o [1]
IWDGTask_Reset           0x800'2cb9     0x8  Code  Gb  iwdg_task.o [1]
IWDG_Reset               0x800'3365     0xc  Code  Gb  iwdg_cfg.o [1]
LL_AHB1_GRP1_DisableClock
                         0x800'338f     0xa  Code  Lc  gpio_cfg.o [1]
LL_AHB1_GRP1_EnableClock
                         0x800'4125    0x16  Code  Lc  crc_cfg.o [1]
LL_AHB1_GRP1_EnableClock
                         0x800'3379    0x16  Code  Lc  gpio_cfg.o [1]
LL_AHB1_GRP1_ForceReset
                         0x800'4209     0xa  Code  Lc  stm32f4xx_ll_crc.o [1]
LL_AHB1_GRP1_ReleaseReset
                         0x800'4213     0xa  Code  Lc  stm32f4xx_ll_crc.o [1]
LL_AHB2_GRP1_EnableClock
                         0x800'400d    0x16  Code  Lc  random_cfg.o [1]
LL_AHB2_GRP1_ForceReset
                         0x800'41dd     0xa  Code  Lc  stm32f4xx_ll_rng.o [1]
LL_AHB2_GRP1_ReleaseReset
                         0x800'41e7     0xa  Code  Lc  stm32f4xx_ll_rng.o [1]
LL_APB1_GRP1_DisableClock
                         0x800'20c1     0xc  Code  Lc  usart_cfg.o [1]
LL_APB1_GRP1_EnableClock
                         0x800'35e7    0x18  Code  Lc  main.o [1]
LL_APB1_GRP1_EnableClock
                         0x800'20a9    0x18  Code  Lc  usart_cfg.o [1]
LL_APB1_GRP1_ForceReset
                         0x800'3055     0xa  Code  Lc  stm32f4xx_ll_usart.o [1]
LL_APB1_GRP1_ReleaseReset
                         0x800'305f     0xa  Code  Lc  stm32f4xx_ll_usart.o [1]
LL_APB2_GRP1_DisableClock
                         0x800'20e5     0xc  Code  Lc  usart_cfg.o [1]
LL_APB2_GRP1_EnableClock
                         0x800'3399    0x16  Code  Lc  gpio_cfg.o [1]
LL_APB2_GRP1_EnableClock
                         0x800'20cd    0x18  Code  Lc  usart_cfg.o [1]
LL_APB2_GRP1_ForceReset
                         0x800'3069     0xa  Code  Lc  stm32f4xx_ll_usart.o [1]
LL_APB2_GRP1_ReleaseReset
                         0x800'3073     0xa  Code  Lc  stm32f4xx_ll_usart.o [1]
LL_CRC_DeInit            0x800'421d    0x28  Code  Gb  stm32f4xx_ll_crc.o [1]
LL_EXTI_ClearFlag_0_31   0x800'424d     0x6  Code  Lc  stm32f4xx_it.o [1]
LL_FLASH_EnableDataCache
                         0x800'376b     0xc  Code  Lc  main.o [1]
LL_FLASH_EnableInstCache
                         0x800'375f     0xc  Code  Lc  main.o [1]
LL_FLASH_EnablePrefetch
                         0x800'3753     0xc  Code  Lc  main.o [1]
LL_FLASH_GetLatency      0x800'3749     0xa  Code  Lc  main.o [1]
LL_FLASH_SetLatency      0x800'373b     0xe  Code  Lc  main.o [1]
LL_GPIO_Init             0x800'2e81    0x9a  Code  Gb  stm32f4xx_ll_gpio.o [1]
LL_GPIO_ResetOutputPin   0x800'2123     0x6  Code  Lc  usart_cfg.o [1]
LL_GPIO_SetAFPin_0_7     0x800'2e1d    0x2e  Code  Lc  stm32f4xx_ll_gpio.o [1]
LL_GPIO_SetAFPin_8_15    0x800'2e4b    0x36  Code  Lc  stm32f4xx_ll_gpio.o [1]
LL_GPIO_SetOutputPin     0x800'211f     0x4  Code  Lc  usart_cfg.o [1]
LL_GPIO_SetPinMode       0x800'2d81    0x2e  Code  Lc  stm32f4xx_ll_gpio.o [1]
LL_GPIO_SetPinMode       0x800'20f1    0x2e  Code  Lc  usart_cfg.o [1]
LL_GPIO_SetPinOutputType
                         0x800'2daf    0x12  Code  Lc  stm32f4xx_ll_gpio.o [1]
LL_GPIO_SetPinPull       0x800'2def    0x2e  Code  Lc  stm32f4xx_ll_gpio.o [1]
LL_GPIO_SetPinSpeed      0x800'2dc1    0x2e  Code  Lc  stm32f4xx_ll_gpio.o [1]
LL_IWDG_ReloadCounter    0x800'335d     0x8  Code  Lc  iwdg_cfg.o [1]
LL_InitTick              0x800'3cd3    0x1e  Code  Lc  systick_cfg.o [1]
LL_PWR_EnableBkUpAccess
                         0x800'3629     0xc  Code  Lc  main.o [1]
LL_PWR_IsActiveFlag_PVDO
                         0x800'4253     0xc  Code  Lc  stm32f4xx_it.o [1]
LL_PWR_SetRegulVoltageScaling
                         0x800'361b     0xe  Code  Lc  main.o [1]
LL_RCC_EnableRTC         0x800'36b5     0xc  Code  Lc  main.o [1]
LL_RCC_ForceBackupDomainReset
                         0x800'36c1     0xc  Code  Lc  main.o [1]
LL_RCC_GetAHBPrescaler   0x800'3217     0xa  Code  Lc  stm32f4xx_ll_rcc.o [1]
LL_RCC_GetAPB1Prescaler
                         0x800'3221     0xa  Code  Lc  stm32f4xx_ll_rcc.o [1]
LL_RCC_GetAPB2Prescaler
                         0x800'322b     0xa  Code  Lc  stm32f4xx_ll_rcc.o [1]
LL_RCC_GetSysClkSource   0x800'3673     0xa  Code  Lc  main.o [1]
LL_RCC_GetSysClkSource   0x800'320d     0xa  Code  Lc  stm32f4xx_ll_rcc.o [1]
LL_RCC_GetSystemClocksFreq
                         0x800'325d    0x24  Code  Gb  stm32f4xx_ll_rcc.o [1]
LL_RCC_HSE_Enable        0x800'3635     0xc  Code  Lc  main.o [1]
LL_RCC_HSE_IsReady       0x800'3641     0xc  Code  Lc  main.o [1]
LL_RCC_LSI_Enable        0x800'364d     0xc  Code  Lc  main.o [1]
LL_RCC_LSI_IsReady       0x800'3659     0xc  Code  Lc  main.o [1]
LL_RCC_PLL_ConfigDomain_48M
                         0x800'3721    0x1a  Code  Lc  main.o [1]
LL_RCC_PLL_ConfigDomain_SYS
                         0x800'36ff    0x22  Code  Lc  main.o [1]
LL_RCC_PLL_Enable        0x800'36e7     0xc  Code  Lc  main.o [1]
LL_RCC_PLL_GetDivider    0x800'3253     0xa  Code  Lc  stm32f4xx_ll_rcc.o [1]
LL_RCC_PLL_GetMainSource
                         0x800'3235     0xa  Code  Lc  stm32f4xx_ll_rcc.o [1]
LL_RCC_PLL_GetN          0x800'323f     0xa  Code  Lc  stm32f4xx_ll_rcc.o [1]
LL_RCC_PLL_GetP          0x800'3249     0xa  Code  Lc  stm32f4xx_ll_rcc.o [1]
LL_RCC_PLL_IsReady       0x800'36f3     0xc  Code  Lc  main.o [1]
LL_RCC_ReleaseBackupDomainReset
                         0x800'36cd     0xc  Code  Lc  main.o [1]
LL_RCC_SetAHBPrescaler   0x800'367d     0xe  Code  Lc  main.o [1]
LL_RCC_SetAPB1Prescaler
                         0x800'368b     0xe  Code  Lc  main.o [1]
LL_RCC_SetAPB2Prescaler
                         0x800'3699     0xe  Code  Lc  main.o [1]
LL_RCC_SetRTCClockSource
                         0x800'36a7     0xe  Code  Lc  main.o [1]
LL_RCC_SetRTC_HSEPrescaler
                         0x800'36d9     0xe  Code  Lc  main.o [1]
LL_RCC_SetSysClkSource   0x800'3665     0xe  Code  Lc  main.o [1]
LL_RNG_ClearFlag_CEIS    0x800'4053     0x8  Code  Lc  random_cfg.o [1]
LL_RNG_ClearFlag_SEIS    0x800'405b     0x8  Code  Lc  random_cfg.o [1]
LL_RNG_DeInit            0x800'41f5    0x14  Code  Gb  stm32f4xx_ll_rng.o [1]
LL_RNG_Disable           0x800'402d     0xa  Code  Lc  random_cfg.o [1]
LL_RNG_Enable            0x800'4023     0xa  Code  Lc  random_cfg.o [1]
LL_RNG_EnableIT          0x800'4063     0xa  Code  Lc  random_cfg.o [1]
LL_RNG_IsActiveFlag_CEIS
                         0x800'403f     0xa  Code  Lc  random_cfg.o [1]
LL_RNG_IsActiveFlag_DRDY
                         0x800'4037     0x8  Code  Lc  random_cfg.o [1]
LL_RNG_IsActiveFlag_SEIS
                         0x800'4049     0xa  Code  Lc  random_cfg.o [1]
LL_RNG_ReadRandData32    0x800'406d     0x4  Code  Lc  random_cfg.o [1]
LL_SYSTICK_SetClkSource
                         0x800'35ff    0x1c  Code  Lc  main.o [1]
LL_SetSystemCoreClock    0x800'39f9     0x6  Code  Gb  stm32f4xx_ll_utils.o [1]
LL_USART_ClearFlag_FE    0x800'21b9    0x12  Code  Lc  usart_cfg.o [1]
LL_USART_ClearFlag_IDLE
                         0x800'21ef    0x12  Code  Lc  usart_cfg.o [1]
LL_USART_ClearFlag_LBD   0x800'2211     0x8  Code  Lc  usart_cfg.o [1]
LL_USART_ClearFlag_NE    0x800'21cb    0x12  Code  Lc  usart_cfg.o [1]
LL_USART_ClearFlag_ORE   0x800'21dd    0x12  Code  Lc  usart_cfg.o [1]
LL_USART_ClearFlag_PE    0x800'21a7    0x12  Code  Lc  usart_cfg.o [1]
LL_USART_ClearFlag_RXNE
                         0x800'2209     0x8  Code  Lc  usart_cfg.o [1]
LL_USART_ClearFlag_TC    0x800'2201     0x8  Code  Lc  usart_cfg.o [1]
LL_USART_ClearFlag_nCTS
                         0x800'2219     0x8  Code  Lc  usart_cfg.o [1]
LL_USART_ConfigAsyncMode
                         0x800'2133    0x12  Code  Lc  usart_cfg.o [1]
LL_USART_DeInit          0x800'307d    0x98  Code  Gb  stm32f4xx_ll_usart.o [1]
LL_USART_DisableIT_TC    0x800'2235     0xa  Code  Lc  usart_cfg.o [1]
LL_USART_DisableIT_TXE   0x800'223f     0xa  Code  Lc  usart_cfg.o [1]
LL_USART_Enable          0x800'2129     0xa  Code  Lc  usart_cfg.o [1]
LL_USART_EnableIT_RXNE   0x800'2221     0xa  Code  Lc  usart_cfg.o [1]
LL_USART_EnableIT_TC     0x800'222b     0xa  Code  Lc  usart_cfg.o [1]
LL_USART_Init            0x800'3115    0xac  Code  Gb  stm32f4xx_ll_usart.o [1]
LL_USART_IsActiveFlag_FE
                         0x800'214d     0xa  Code  Lc  usart_cfg.o [1]
LL_USART_IsActiveFlag_IDLE
                         0x800'216b     0xa  Code  Lc  usart_cfg.o [1]
LL_USART_IsActiveFlag_LBD
                         0x800'2193     0xa  Code  Lc  usart_cfg.o [1]
LL_USART_IsActiveFlag_NE
                         0x800'2157     0xa  Code  Lc  usart_cfg.o [1]
LL_USART_IsActiveFlag_ORE
                         0x800'2161     0xa  Code  Lc  usart_cfg.o [1]
LL_USART_IsActiveFlag_PE
                         0x800'2145     0x8  Code  Lc  usart_cfg.o [1]
LL_USART_IsActiveFlag_RXNE
                         0x800'2175     0xa  Code  Lc  usart_cfg.o [1]
LL_USART_IsActiveFlag_TC
                         0x800'217f     0xa  Code  Lc  usart_cfg.o [1]
LL_USART_IsActiveFlag_TXE
                         0x800'2189     0xa  Code  Lc  usart_cfg.o [1]
LL_USART_IsActiveFlag_nCTS
                         0x800'219d     0xa  Code  Lc  usart_cfg.o [1]
LL_USART_IsEnabled       0x800'2f1d     0xa  Code  Lc  stm32f4xx_ll_usart.o [1]
LL_USART_IsEnabledIT_CTS
                         0x800'228d     0xa  Code  Lc  usart_cfg.o [1]
LL_USART_IsEnabledIT_ERROR
                         0x800'2285     0x8  Code  Lc  usart_cfg.o [1]
LL_USART_IsEnabledIT_IDLE
                         0x800'2249     0xa  Code  Lc  usart_cfg.o [1]
LL_USART_IsEnabledIT_LBD
                         0x800'227b     0xa  Code  Lc  usart_cfg.o [1]
LL_USART_IsEnabledIT_PE
                         0x800'2271     0xa  Code  Lc  usart_cfg.o [1]
LL_USART_IsEnabledIT_RXNE
                         0x800'2253     0xa  Code  Lc  usart_cfg.o [1]
LL_USART_IsEnabledIT_TC
                         0x800'225d     0xa  Code  Lc  usart_cfg.o [1]
LL_USART_IsEnabledIT_TXE
                         0x800'2267     0xa  Code  Lc  usart_cfg.o [1]
LL_USART_ReceiveData8    0x800'2297     0x6  Code  Lc  usart_cfg.o [1]
LL_USART_SetBaudRate     0x800'2f3f   0x116  Code  Lc  stm32f4xx_ll_usart.o [1]
LL_USART_SetHWFlowCtrl   0x800'2f33     0xc  Code  Lc  stm32f4xx_ll_usart.o [1]
LL_USART_SetStopBitsLength
                         0x800'2f27     0xc  Code  Lc  stm32f4xx_ll_usart.o [1]
LL_USART_TransmitData8   0x800'229d     0x8  Code  Lc  usart_cfg.o [1]
LL_WWDG_ClearFlag_EWKUP
                         0x800'425f     0x8  Code  Lc  stm32f4xx_it.o [1]
MemManage_Handler        0x800'4273     0x2  Code  Gb  stm32f4xx_it.o [1]
MyMemInit                0x800'3a1b    0x24  Code  Gb  my_malloc.o [1]
MyMemset                 0x800'3a05    0x16  Code  Gb  my_malloc.o [1]
MyMemusedRate            0x800'3a3f    0x2e  Code  Gb  my_malloc.o [1]
NMI_Handler              0x800'4267     0x2  Code  Gb  stm32f4xx_it.o [1]
NVIC_EncodePriority      0x800'35a7    0x40  Code  Lc  main.o [1]
NVIC_EncodePriority      0x800'3fcd    0x40  Code  Lc  random_cfg.o [1]
NVIC_EncodePriority      0x800'3c93    0x40  Code  Lc  systick_cfg.o [1]
NVIC_EncodePriority      0x800'2069    0x40  Code  Lc  usart_cfg.o [1]
NVIC_Init                0x800'383f    0x8e  Code  Gb  main.o [1]
PVDLib_IRQTask           0x800'42d5     0x8  Code  Gb  pvd_lib.o [1]
PVDTask_IRQTask          0x800'42cd     0x8  Code  Gb  pvd_task.o [1]
PVD_IRQHandler           0x800'42b5    0x18  Code  Gb  stm32f4xx_it.o [1]
PVD_IRQTask              0x800'42dd     0x2  Code  Gb  pvd_cfg.o [1]
PendSV_Handler           0x800'427d     0x2  Code  Gb  stm32f4xx_it.o [1]
RCC_GetHCLKClockFreq     0x800'32ab    0x16  Code  Gb  stm32f4xx_ll_rcc.o [1]
RCC_GetPCLK1ClockFreq    0x800'32c1    0x14  Code  Gb  stm32f4xx_ll_rcc.o [1]
RCC_GetPCLK2ClockFreq    0x800'32d5    0x14  Code  Gb  stm32f4xx_ll_rcc.o [1]
RCC_GetSystemClockFreq   0x800'3281    0x2a  Code  Gb  stm32f4xx_ll_rcc.o [1]
RCC_IRQHandler           0x800'4269     0x2  Code  Gb  stm32f4xx_it.o [1]
RCC_PLL_GetFreqDomain_SYS
                         0x800'32e9    0x5a  Code  Gb  stm32f4xx_ll_rcc.o [1]
RandomLib_IRQTask        0x800'3b7d     0x8  Code  Gb  random_lib.o [1]
RandomLib_Init           0x800'3b75     0x8  Code  Gb  random_lib.o [1]
RandomTask_IRQTask       0x800'3ab9     0x8  Code  Gb  random_task.o [1]
RandomTask_Init          0x800'3ab1     0x8  Code  Gb  random_task.o [1]
Random_IRQTask           0x800'40bf    0x46  Code  Gb  random_cfg.o [1]
Random_Init              0x800'4071    0x4e  Code  Gb  random_cfg.o [1]
Region$$Table$$Base      0x800'4458           --   Gb  - Linker created -
Region$$Table$$Limit     0x800'4478           --   Gb  - Linker created -
SVC_Handler              0x800'4279     0x2  Code  Gb  stm32f4xx_it.o [1]
SysTickLib_1msIncTick    0x800'3b6d     0x8  Code  Gb  systick_lib.o [1]
SysTickLib_DecTick       0x800'3b45     0xc  Code  Gb  systick_lib.o [1]
SysTickLib_GetTick       0x800'3b51     0x8  Code  Gb  systick_lib.o [1]
SysTickLib_IRQTask       0x800'3b59     0x8  Code  Gb  systick_lib.o [1]
SysTickLib_Init          0x800'3b3d     0x8  Code  Gb  systick_lib.o [1]
SysTickLib_WaitusTick    0x800'3b61     0xc  Code  Gb  systick_lib.o [1]
SysTickTask_1msIncTick   0x800'3aa9     0x8  Code  Gb  systick_task.o [1]
SysTickTask_DecTick      0x800'3a81     0xc  Code  Gb  systick_task.o [1]
SysTickTask_GetTick      0x800'3a8d     0x8  Code  Gb  systick_task.o [1]
SysTickTask_IRQTask      0x800'3a95     0x8  Code  Gb  systick_task.o [1]
SysTickTask_Init         0x800'3a79     0x8  Code  Gb  systick_task.o [1]
SysTickTask_WaitusTick   0x800'3a9d     0xc  Code  Gb  systick_task.o [1]
SysTick_1msIncTick       0x800'3f07    0x42  Code  Gb  systick_cfg.o [1]
SysTick_CreateTickTask   0x800'3d99    0x52  Code  Gb  systick_cfg.o [1]
SysTick_DecTick          0x800'3e2b    0x50  Code  Gb  systick_cfg.o [1]
SysTick_GetTick          0x800'3e7b     0x8  Code  Gb  systick_cfg.o [1]
SysTick_Handler          0x800'427f     0x8  Code  Gb  stm32f4xx_it.o [1]
SysTick_IRQTask          0x800'3e83    0x3a  Code  Gb  systick_cfg.o [1]
SysTick_PollTickTask     0x800'3deb    0x40  Code  Gb  systick_cfg.o [1]
SysTick_Resume           0x800'3d01    0x10  Code  Gb  systick_cfg.o [1]
SysTick_StructInit       0x800'3d11    0x36  Code  Gb  systick_cfg.o [1]
SysTick_Suspend          0x800'3cf1    0x10  Code  Gb  systick_cfg.o [1]
SysTick_WaitusTick       0x800'3ebd    0x4a  Code  Gb  systick_cfg.o [1]
SysTick_msInit           0x800'3d47    0x52  Code  Gb  systick_cfg.o [1]
Sys_Init                 0x800'38cd    0x40  Code  Gb  main.o [1]
SystemClock_Config       0x800'3777    0xc8  Code  Gb  main.o [1]
SystemCoreClock         0x2000'0014     0x4  Data  Gb  system_stm32f4xx.o [1]
SystemInit               0x800'4359    0x40  Code  Gb  system_stm32f4xx.o [1]
USART1_IRQHandler        0x800'4291     0xc  Code  Gb  stm32f4xx_it.o [1]
USART1_Init              0x800'2a45   0x112  Code  Gb  usart_cfg.o [1]
USART1_RX_BUFFER        0x2000'2d88    0x44  Data  Gb  usart_task.o [1]
USART1_TX_BUFFER        0x2000'2dcc    0x44  Data  Gb  usart_task.o [1]
USART2_Init              0x800'2b57     0x6  Code  Gb  usart_cfg.o [1]
USART3_Init              0x800'2b5d     0x6  Code  Gb  usart_cfg.o [1]
USARTLib_IRQTask         0x800'3c1d     0xc  Code  Gb  usart_lib.o [1]
USARTLib_Init            0x800'3b95    0x5e  Code  Gb  usart_lib.o [1]
USARTLib_ParamInit       0x800'3bf3    0x2a  Code  Gb  usart_lib.o [1]
USARTTask_IRQTask        0x800'3b25     0xc  Code  Gb  usart_task.o [1]
USARTTask_Init           0x800'3ad1    0x54  Code  Gb  usart_task.o [1]
USART_485GPIOInit        0x800'2419    0x2a  Code  Gb  usart_cfg.o [1]
USART_ClearOVF           0x800'27b1    0x1c  Code  Gb  usart_cfg.o [1]
USART_Clock              0x800'2949    0xde  Code  Gb  usart_cfg.o [1]
USART_GPIOInit           0x800'23eb    0x2e  Code  Gb  usart_cfg.o [1]
USART_IRQTask            0x800'2b63   0x130  Code  Gb  usart_cfg.o [1]
USART_ITPrintf_TCTask    0x800'28d9    0x38  Code  Gb  usart_cfg.o [1]
USART_ITRead_16BitsTask
                         0x800'2563   0x13a  Code  Gb  usart_cfg.o [1]
USART_ITRead_16BitsTask::tempVal
                        0x2000'2e5d     0x1  Data  Lc  usart_cfg.o [1]
USART_ITRead_8BitsTask   0x800'2471    0xf2  Code  Gb  usart_cfg.o [1]
USART_ITRead_8BitsTask::tempVal
                        0x2000'2e5c     0x1  Data  Lc  usart_cfg.o [1]
USART_ITRead_Task        0x800'26b9    0x26  Code  Gb  usart_cfg.o [1]
USART_ITWrite_TCTask     0x800'275b    0x56  Code  Gb  usart_cfg.o [1]
USART_ITWrite_TXETask    0x800'26df    0x7c  Code  Gb  usart_cfg.o [1]
USART_IT_TCTask          0x800'2911    0x34  Code  Gb  usart_cfg.o [1]
USART_Init               0x800'2373    0x78  Code  Gb  usart_cfg.o [1]
USART_ParamInit          0x800'2a2d    0x18  Code  Gb  usart_cfg.o [1]
USART_Printf             0x800'2879    0x60  Code  Gb  usart_cfg.o [1]
USART_PrintfResume       0x800'2863    0x16  Code  Gb  usart_cfg.o [1]
USART_PrintfSuspend      0x800'280b    0x58  Code  Gb  usart_cfg.o [1]
USART_StructInit         0x800'22a5    0xce  Code  Gb  usart_cfg.o [1]
USART_TimeTick_Init      0x800'2443    0x2e  Code  Gb  usart_cfg.o [1]
USART_WriteInit          0x800'27cd    0x3e  Code  Gb  usart_cfg.o [1]
UsageFault_Handler       0x800'4277     0x2  Code  Gb  stm32f4xx_it.o [1]
WWDG_IRQHandler          0x800'4287     0xa  Code  Gb  stm32f4xx_it.o [1]
_Encoding_8859_1_Mbrlen
                         0x800'132d     0x2  Code  Gb  xencoding_8859_1.o [2]
_Encoding_8859_1_Wctomb
                         0x800'131b    0x12  Code  Gb  xencoding_8859_1.o [2]
_Error_Handler           0x800'399d     0x2  Code  Gb  stm32_cfg.o [1]
_LitobFull               0x800'109b   0x10a  Code  Lc  xprintffull.o [2]
_Locale_lconv           0x2000'0020    0x38  Data  Lc  xlocale_c.o [2]
_PrintfFull              0x800'0189   0xcc4  Code  Gb  xprintffull.o [2]
_PutcharsFull            0x800'120d    0x2e  Code  Lc  xprintffull.o [2]
_PutstrFull              0x800'0fdb    0xc0  Code  Lc  xprintffull.o [2]
_PuttxtFull              0x800'0ecf   0x10c  Code  Lc  xprintffull.o [2]
_SNProut                 0x800'13af    0x1a  Code  Gb  xsnprout.o [2]
__NVIC_EnableIRQ         0x800'3f83    0x1e  Code  Lc  random_cfg.o [1]
__NVIC_EnableIRQ         0x800'2019    0x20  Code  Lc  usart_cfg.o [1]
__NVIC_GetPriorityGrouping
                         0x800'356b     0xc  Code  Lc  main.o [1]
__NVIC_GetPriorityGrouping
                         0x800'3f79     0xa  Code  Lc  random_cfg.o [1]
__NVIC_GetPriorityGrouping
                         0x800'3c57     0xc  Code  Lc  systick_cfg.o [1]
__NVIC_GetPriorityGrouping
                         0x800'200d     0xc  Code  Lc  usart_cfg.o [1]
__NVIC_SetPriority       0x800'3577    0x30  Code  Lc  main.o [1]
__NVIC_SetPriority       0x800'3fa1    0x2c  Code  Lc  random_cfg.o [1]
__NVIC_SetPriority       0x800'3c63    0x30  Code  Lc  systick_cfg.o [1]
__NVIC_SetPriority       0x800'2039    0x30  Code  Lc  usart_cfg.o [1]
__NVIC_SetPriorityGrouping
                         0x800'3549    0x22  Code  Lc  main.o [1]
__NVIC_SetPriorityGrouping
                         0x800'3c35    0x22  Code  Lc  systick_cfg.o [1]
__aeabi_cdcmple          0x800'1539          Code  Gb  DblCmpLe.o [3]
__aeabi_cdrcmple         0x800'1569          Code  Gb  DblCmpGe.o [3]
__aeabi_d2iz             0x800'16d5          Code  Gb  DblToS32.o [3]
__aeabi_d2uiz            0x800'1a61          Code  Gb  DblToU32.o [3]
__aeabi_ddiv             0x800'1819          Code  Gb  DblDiv.o [3]
__aeabi_dmul             0x800'1aa5          Code  Gb  DblMul.o [3]
__aeabi_dsub             0x800'1735          Code  Gb  DblSub.o [3]
__aeabi_i2d              0x800'1711          Code  Gb  S32ToDbl.o [3]
__aeabi_ldiv0            0x800'1ff5          Code  Gb  I64DivZer.o [4]
__aeabi_memcpy           0x800'1421          Code  Gb  ABImemcpy.o [4]
__aeabi_memcpy4          0x800'1441          Code  Gb  ABImemcpy.o [4]
__aeabi_memcpy8          0x800'1441          Code  Gb  ABImemcpy.o [4]
__aeabi_memset           0x800'2d19          Code  Gb  ABImemset.o [4]
__aeabi_ui2d             0x800'1a89          Code  Gb  U32ToDbl.o [3]
__aeabi_uldivmod         0x800'1c51          Code  Gb  I64DivMod.o [4]
__cmain                  0x800'4479          Code  Gb  cmain.o [4]
__exit                   0x800'1ff9    0x14  Code  Gb  exit.o [5]
__iar_Fail_s             0x800'1339    0x1c  Code  Gb  xfail_s.o [2]
__iar_Mbcurmax           0x800'1c47     0xa  Code  Gb  xmbcurmax.o [2]
__iar_Memchr             0x800'13c9          Code  Gb  memchr.o [4]
__iar_Memset             0x800'2d19          Code  Gb  ABImemset.o [4]
__iar_Memset_word        0x800'2d21          Code  Gb  ABImemset.o [4]
__iar_Strchr             0x800'1305          Code  Gb  strchr.o [4]
__iar_dadd               0x800'1745          Code  Gb  DblSub.o [3]
__iar_data_init3         0x800'440d    0x28  Code  Gb  data_init.o [4]
__iar_dsub               0x800'1e89          Code  Gb  DblAdd.o [3]
__iar_dsubStart          0x800'1e9b          Code  Gb  DblAdd.o [3]
__iar_frexp              0x800'14d5          Code  Gb  frexp.o [3]
__iar_frexpl             0x800'14d5          Code  Gb  frexp.o [3]
__iar_globLocale        0x2000'0058    0x48  Data  Lc  xlocale_c.o [2]
__iar_global_Locale      0x800'1289     0x4  Code  Gb  xlocale_c.o [2]
__iar_init_vfp           0x800'4435          Code  Gb  fpinit_M.o [3]
__iar_ldexp64            0x800'1599          Code  Gb  ldexp.o [3]
__iar_lz77_init_single3
                         0x800'42df    0x78  Code  Gb  lz77_init_single.o [4]
__iar_program_start      0x800'4509          Code  Gb  cstartup_M.o [4]
__iar_scalbln64          0x800'1599          Code  Gb  ldexp.o [3]
__iar_scalbn64           0x800'1599          Code  Gb  ldexp.o [3]
__iar_softfp___iar_frexp64
                         0x800'14c9          Code  Gb  frexp.o [3]
__iar_softfp_frexp       0x800'14c9          Code  Gb  frexp.o [3]
__iar_softfp_frexpl      0x800'14c9          Code  Gb  frexp.o [3]
__iar_zero_init3         0x800'124f    0x3a  Code  Gb  zero_init3.o [4]
__low_level_init         0x800'4497     0x4  Code  Gb  low_level_init.o [2]
__vector_table           0x800'0000          Data  Gb  startup_stm32f407xx.o [1]
_call_main               0x800'4485          Code  Gb  cmain.o [4]
_exit                    0x800'44a1          Code  Gb  cexit.o [4]
_gLocale_mblen           0x800'12f1     0x4  Code  Gb  xlocale_c.o [2]
_gLocale_mblenInt        0x800'12b5    0x2c  Code  Gb  xlocale_c.o [2]
_gLocale_wctomb          0x800'12f5     0x4  Code  Gb  xlocale_c.o [2]
_gLocale_wctombInt       0x800'12ed     0x4  Code  Gb  xlocale_c.o [2]
_main                    0x800'4493          Code  Gb  cmain.o [4]
abort                    0x800'1e81     0x6  Code  Gb  abort.o [2]
exit                     0x800'449b     0x4  Code  Gb  exit.o [2]
g_CRCIsEnable           0x2000'00a0     0x1  Data  Gb  crc_cfg.o [1]
g_HASH_RNG_Val          0x2000'2e50     0x4  Data  Gb  random_cfg.o [1]
g_HardFaultErrMsg       0x2000'2e10    0x20  Data  Gb  stm32_cfg.o [1]
g_MemMap                0x2000'28a4   0x280  Data  Gb  my_malloc.o [1]
g_MemPool               0x2000'00a4  0x2800  Data  Gb  my_malloc.o [1]
g_MemTableSize           0x800'451c     0x4  Data  Gb  my_malloc.o [1]
g_MemTotalSize           0x800'4520     0x4  Data  Gb  my_malloc.o [1]
g_MyaMallcoDev          0x2000'0000    0x14  Data  Gb  my_malloc.o [1]
g_PrintfBuffer          0x2000'2b24   0x200  Data  Gb  usart_cfg.o [1]
g_SysTick               0x2000'2e30    0x20  Data  Gb  systick_cfg.o [1]
g_USART1                0x2000'2d24    0x64  Data  Gb  usart_cfg.o [1]
ldexp                    0x800'1599          Code  Gb  ldexp.o [3]
ldexpl                   0x800'1599          Code  Gb  ldexp.o [3]
localeconv               0x800'12f9     0x4  Code  Gb  xlocale_c.o [2]
main                     0x800'390d    0x36  Code  Gb  main.o [1]
memchr                   0x800'13c9          Code  Gb  memchr.o [4]
pSysTick                0x2000'0018     0x4  Data  Gb  systick_cfg.o [1]
pUSART1                 0x2000'001c     0x4  Data  Gb  usart_cfg.o [1]
scalbln                  0x800'1599          Code  Gb  ldexp.o [3]
scalblnl                 0x800'1599          Code  Gb  ldexp.o [3]
scalbn                   0x800'1599          Code  Gb  ldexp.o [3]
scalbnl                  0x800'1599          Code  Gb  ldexp.o [3]
scale                    0x800'11a5    0x46  Code  Lc  xprintffull.o [2]
sec_hand                0x2000'2e58     0x4  Data  Lc  xfail_s.o [2]
strchr                   0x800'1305          Code  Gb  strchr.o [4]
strlen                   0x800'1379          Code  Gb  strlen.o [4]
uwTick                  0x2000'2e54     0x4  Data  Gb  stm32f4xx_hal.o [1]
uwTickFreq              0x2000'00a1     0x1  Data  Gb  stm32f4xx_hal.o [1]
vsnprintf                0x800'2cc1    0x3c  Code  Gb  vsnprint.o [2]


[1] = I:\STM32_MCU\STM32F407\STM32F407ZGT6\STM32F407ZGT6Project\EWARM\STM32F407ZGT6Project\Obj
[2] = dl7M_tlf.a
[3] = m7M_tls.a
[4] = rt7M_tl.a
[5] = shb_l.a

  17'811 bytes of readonly  code memory
     271 bytes of readonly  data memory
  12'892 bytes of readwrite data memory

Errors: none
Warnings: none
